Archive member included because of file (symbol)

C:\Users\kmorimatsu\Documents\At Home\PIC\PIC32\chipkit\mpide-0150\hardware\pic32\compiler\pic32-tools\pic32mx\lib\libm.a(lib_a-sf_atan.o)
                              library.c.o (atanf)
C:\Users\kmorimatsu\Documents\At Home\PIC\PIC32\chipkit\mpide-0150\hardware\pic32\compiler\pic32-tools\pic32mx\lib\libm.a(lib_a-sf_ceil.o)
                              library.c.o (ceilf)
C:\Users\kmorimatsu\Documents\At Home\PIC\PIC32\chipkit\mpide-0150\hardware\pic32\compiler\pic32-tools\pic32mx\lib\libm.a(lib_a-sf_cos.o)
                              library.c.o (cosf)
C:\Users\kmorimatsu\Documents\At Home\PIC\PIC32\chipkit\mpide-0150\hardware\pic32\compiler\pic32-tools\pic32mx\lib\libm.a(lib_a-sf_fabs.o)
                              C:\Users\kmorimatsu\Documents\At Home\PIC\PIC32\chipkit\mpide-0150\hardware\pic32\compiler\pic32-tools\pic32mx\lib\libm.a(lib_a-sf_atan.o) (fabsf)
C:\Users\kmorimatsu\Documents\At Home\PIC\PIC32\chipkit\mpide-0150\hardware\pic32\compiler\pic32-tools\pic32mx\lib\libm.a(lib_a-sf_floor.o)
                              library.c.o (floorf)
C:\Users\kmorimatsu\Documents\At Home\PIC\PIC32\chipkit\mpide-0150\hardware\pic32\compiler\pic32-tools\pic32mx\lib\libm.a(lib_a-sf_modf.o)
                              library.c.o (modff)
C:\Users\kmorimatsu\Documents\At Home\PIC\PIC32\chipkit\mpide-0150\hardware\pic32\compiler\pic32-tools\pic32mx\lib\libm.a(lib_a-sf_sin.o)
                              library.c.o (sinf)
C:\Users\kmorimatsu\Documents\At Home\PIC\PIC32\chipkit\mpide-0150\hardware\pic32\compiler\pic32-tools\pic32mx\lib\libm.a(lib_a-sf_tanh.o)
                              library.c.o (tanhf)
C:\Users\kmorimatsu\Documents\At Home\PIC\PIC32\chipkit\mpide-0150\hardware\pic32\compiler\pic32-tools\pic32mx\lib\libm.a(lib_a-sf_tan.o)
                              library.c.o (tanf)
C:\Users\kmorimatsu\Documents\At Home\PIC\PIC32\chipkit\mpide-0150\hardware\pic32\compiler\pic32-tools\pic32mx\lib\libm.a(lib_a-wf_acos.o)
                              library.c.o (acosf)
C:\Users\kmorimatsu\Documents\At Home\PIC\PIC32\chipkit\mpide-0150\hardware\pic32\compiler\pic32-tools\pic32mx\lib\libm.a(lib_a-wf_asin.o)
                              library.c.o (asinf)
C:\Users\kmorimatsu\Documents\At Home\PIC\PIC32\chipkit\mpide-0150\hardware\pic32\compiler\pic32-tools\pic32mx\lib\libm.a(lib_a-wf_atan2.o)
                              library.c.o (atan2f)
C:\Users\kmorimatsu\Documents\At Home\PIC\PIC32\chipkit\mpide-0150\hardware\pic32\compiler\pic32-tools\pic32mx\lib\libm.a(lib_a-wf_cosh.o)
                              library.c.o (coshf)
C:\Users\kmorimatsu\Documents\At Home\PIC\PIC32\chipkit\mpide-0150\hardware\pic32\compiler\pic32-tools\pic32mx\lib\libm.a(lib_a-wf_exp.o)
                              library.c.o (expf)
C:\Users\kmorimatsu\Documents\At Home\PIC\PIC32\chipkit\mpide-0150\hardware\pic32\compiler\pic32-tools\pic32mx\lib\libm.a(lib_a-wf_fmod.o)
                              library.c.o (fmodf)
C:\Users\kmorimatsu\Documents\At Home\PIC\PIC32\chipkit\mpide-0150\hardware\pic32\compiler\pic32-tools\pic32mx\lib\libm.a(lib_a-wf_log10.o)
                              library.c.o (log10f)
C:\Users\kmorimatsu\Documents\At Home\PIC\PIC32\chipkit\mpide-0150\hardware\pic32\compiler\pic32-tools\pic32mx\lib\libm.a(lib_a-wf_log.o)
                              library.c.o (logf)
C:\Users\kmorimatsu\Documents\At Home\PIC\PIC32\chipkit\mpide-0150\hardware\pic32\compiler\pic32-tools\pic32mx\lib\libm.a(lib_a-wf_pow.o)
                              library.c.o (powf)
C:\Users\kmorimatsu\Documents\At Home\PIC\PIC32\chipkit\mpide-0150\hardware\pic32\compiler\pic32-tools\pic32mx\lib\libm.a(lib_a-wf_sinh.o)
                              library.c.o (sinhf)
C:\Users\kmorimatsu\Documents\At Home\PIC\PIC32\chipkit\mpide-0150\hardware\pic32\compiler\pic32-tools\pic32mx\lib\libm.a(lib_a-wf_sqrt.o)
                              library.c.o (sqrtf)
C:\Users\kmorimatsu\Documents\At Home\PIC\PIC32\chipkit\mpide-0150\hardware\pic32\compiler\pic32-tools\pic32mx\lib\libm.a(lib_a-ef_acos.o)
                              C:\Users\kmorimatsu\Documents\At Home\PIC\PIC32\chipkit\mpide-0150\hardware\pic32\compiler\pic32-tools\pic32mx\lib\libm.a(lib_a-wf_acos.o) (__ieee754_acosf)
C:\Users\kmorimatsu\Documents\At Home\PIC\PIC32\chipkit\mpide-0150\hardware\pic32\compiler\pic32-tools\pic32mx\lib\libm.a(lib_a-ef_asin.o)
                              C:\Users\kmorimatsu\Documents\At Home\PIC\PIC32\chipkit\mpide-0150\hardware\pic32\compiler\pic32-tools\pic32mx\lib\libm.a(lib_a-wf_asin.o) (__ieee754_asinf)
C:\Users\kmorimatsu\Documents\At Home\PIC\PIC32\chipkit\mpide-0150\hardware\pic32\compiler\pic32-tools\pic32mx\lib\libm.a(lib_a-ef_atan2.o)
                              C:\Users\kmorimatsu\Documents\At Home\PIC\PIC32\chipkit\mpide-0150\hardware\pic32\compiler\pic32-tools\pic32mx\lib\libm.a(lib_a-wf_atan2.o) (__ieee754_atan2f)
[...]
Memory Configuration

Name             Origin             Length             Attributes
kseg0_program_mem 0x9d007490         0x00077b70         xr
kseg0_boot_mem   0x9d007490         0x00000000
exception_mem    0x9d006000         0x00001000
kseg1_boot_mem   0x9d007000         0x00000490
debug_exec_mem   0xbfc02000         0x00000ff0
devcfg           0x9fc02ff0         0x00000010         r
kseg1_data_mem   0xa0000000         0x00020000         w !x
sfrs             0xbf800000         0x00100000
configsfrs       0xbfc02ff0         0x00000010
*default*        0x00000000         0xffffffff

Linker script and memory map

LOAD C:/Users/kmorimatsu/Documents/At Home/PIC/PIC32/chipkit/mpide-0150/hardware/pic32/compiler/pic32-tools/bin/../lib/gcc/pic32mx/4.5.2/../../../../pic32mx/lib/./proc/32MX350F256H/crt0_mips32r2.o
LOAD args.c.o
LOAD class.c.o
LOAD cmpdata.c.o
LOAD compiler.c.o
LOAD debug.c.o
LOAD editor.c.o
LOAD envspecific.c.o
LOAD error.c.o
LOAD exception.c.o
LOAD file.c.o
LOAD float.c.o
LOAD function.c.o
LOAD globalvars.c.o
LOAD i2c.c.o
LOAD io.c.o
LOAD library.c.o
LOAD linker.c.o
LOAD main.c.o
LOAD memory.c.o
LOAD music.c.o
LOAD operator.c.o
LOAD run.c.o
LOAD spi.c.o
LOAD statement.c.o
LOAD string.c.o
LOAD timer.c.o
LOAD value.c.o
LOAD varname.c.o
LOAD interface\keyinput.c.o
LOAD interface\lib_video_megalopa.c.o
LOAD interface\mweb.c.o
LOAD interface\text_graph_library.c.o
LOAD C:\Users\kmorimatsu\Documents\At Home\PIC\PIC32\chipkit\mpide-0150\hardware\pic32\compiler\pic32-tools\pic32mx\lib\libm.a
                0x00000800                PROVIDE (_min_heap_size, 0x800)
                0x00000800                PROVIDE (_min_stack_size, 0x800)
LOAD C:/Users/kmorimatsu/Documents/At Home/PIC/PIC32/chipkit/mpide-0150/hardware/pic32/compiler/pic32-tools/bin/../lib/gcc/pic32mx/4.5.2/../../../../pic32mx/lib/./proc/32MX350F256H\processor.o
                0x00000001                PROVIDE (_vector_spacing, 0x1)
                0x9d006000                _ebase_address = 0x9d006000
                0x9d007000                _RESET_ADDR = 0x9d007000
                0x9d007380                _BEV_EXCPT_ADDR = 0x9d007380
                0x9d007480                _DBG_EXCPT_ADDR = 0x9d007480
                0xbfc02000                _DBG_CODE_ADDR = 0xbfc02000
                0x00000ff0                _DBG_CODE_SIZE = 0xff0
                0x9d006180                _GEN_EXCPT_ADDR = (_ebase_address + 0x180)

.config
 *(.config3)
 *(.config2)
 *(.config1)
 *(.config0)

.reset          0x9d007000       0x10
 *(.reset)
 .reset         0x9d007000       0x10 C:/Users/kmorimatsu/Documents/At Home/PIC/PIC32/chipkit/mpide-0150/hardware/pic32/compiler/pic32-tools/bin/../lib/gcc/pic32mx/4.5.2/../../../../pic32mx/lib/./proc/32MX350F256H/crt0_mips32r2.o
                0x9d007000                _reset
 *(.reset.startup)

.app_excpt      0x9d006180       0x10
 *(.gen_handler)
 .gen_handler   0x9d006180       0x10 C:/Users/kmorimatsu/Documents/At Home/PIC/PIC32/chipkit/mpide-0150/hardware/pic32/compiler/pic32-tools/bin/../lib/gcc/pic32mx/4.5.2/../../../../pic32mx/lib/./proc/32MX350F256H/crt0_mips32r2.o

.vector_0
 *(.vector_0)

.vector_1       0x9d006220        0x8
 *(.vector_1)
 .vector_1      0x9d006220        0x8 timer.c.o
                0x9d006220                __vector_dispatch_1

.vector_2       0x9d006240        0x8
 *(.vector_2)
 .vector_2      0x9d006240        0x8 timer.c.o
                0x9d006240                __vector_dispatch_2

.vector_3
 *(.vector_3)

.vector_4       0x9d006280        0x8
 *(.vector_4)
 .vector_4      0x9d006280        0x8 timer.c.o
                0x9d006280                __vector_dispatch_4

.vector_5
 *(.vector_5)

.vector_6       0x9d0062c0        0x8
 *(.vector_6)
 .vector_6      0x9d0062c0        0x8 interface\lib_video_megalopa.c.o
                0x9d0062c0                __vector_dispatch_6

.vector_7
 *(.vector_7)

.vector_8       0x9d006300        0x8
 *(.vector_8)
 .vector_8      0x9d006300        0x8 interface\lib_video_megalopa.c.o
                0x9d006300                __vector_dispatch_8

.vector_9
 *(.vector_9)

.vector_10      0x9d006340        0x8
 *(.vector_10)
 .vector_10     0x9d006340        0x8 interface\lib_video_megalopa.c.o
                0x9d006340                __vector_dispatch_10

.vector_11
 *(.vector_11)

.vector_12
 *(.vector_12)

.vector_13
 *(.vector_13)

.vector_14
 *(.vector_14)

.vector_15
 *(.vector_15)

.vector_16
 *(.vector_16)

.vector_17
 *(.vector_17)

.vector_18
 *(.vector_18)

.vector_19
 *(.vector_19)

.vector_20
 *(.vector_20)

.vector_21
 *(.vector_21)

.vector_22      0x9d0064c0        0x8
 *(.vector_22)
 .vector_22     0x9d0064c0        0x8 interface\lib_video_megalopa.c.o
                0x9d0064c0                __vector_dispatch_22

.vector_23
 *(.vector_23)

.vector_24
 *(.vector_24)

.vector_25
 *(.vector_25)

.vector_26
 *(.vector_26)

.vector_27
 *(.vector_27)

.vector_28
 *(.vector_28)

.vector_29
 *(.vector_29)

.vector_30
 *(.vector_30)

.vector_31      0x9d0065e0        0x8
 *(.vector_31)
 .vector_31     0x9d0065e0        0x8 io.c.o
                0x9d0065e0                __vector_dispatch_31

.vector_32
 *(.vector_32)

.vector_33
 *(.vector_33)

.vector_34
 *(.vector_34)

.vector_35
 *(.vector_35)

.vector_36
 *(.vector_36)

.vector_37
 *(.vector_37)

.vector_38
 *(.vector_38)

.vector_39
 *(.vector_39)

.vector_40
 *(.vector_40)

.vector_41
 *(.vector_41)

.vector_42
 *(.vector_42)

.vector_43
 *(.vector_43)

.vector_44
 *(.vector_44)

.vector_45
 *(.vector_45)

.vector_46
 *(.vector_46)

.vector_47
 *(.vector_47)

.vector_48
 *(.vector_48)

.vector_49
 *(.vector_49)

.vector_50
 *(.vector_50)

.vector_51
 *(.vector_51)

.vector_52
 *(.vector_52)

.vector_53
 *(.vector_53)

.vector_54
 *(.vector_54)

.vector_55
 *(.vector_55)

.vector_56
 *(.vector_56)

.vector_57
 *(.vector_57)

.vector_58
 *(.vector_58)

.vector_59
 *(.vector_59)

.vector_60
 *(.vector_60)

.vector_61
 *(.vector_61)

.vector_62
 *(.vector_62)

.vector_63
 *(.vector_63)

.text           0x9d007490    0x3fb08
 *(.exception)
 *(.text .stub .text.* .gnu.linkonce.t.*)
 .text          0x9d007490       0x34 C:/Users/kmorimatsu/Documents/At Home/PIC/PIC32/chipkit/mpide-0150/hardware/pic32/compiler/pic32-tools/bin/../lib/gcc/pic32mx/4.5.2/../../../../pic32mx/lib/./proc/32MX350F256H/crt0_mips32r2.o
 .text          0x9d0074c4      0x43c args.c.o
                0x9d0074c4                prepare_args_stack
                0x9d0077bc                remove_args_stack
                0x9d00782c                args_function_main
 .text          0x9d007900     0x23f8 class.c.o
                0x9d007900                lib_post_method
                0x9d007a64                lib_save_vars_to_fields
                0x9d007b00                lib_pre_method
                0x9d007d28                lib_load_vars_from_fields
                0x9d007d5c                lib_obj_field
                0x9d007e68                lib_let_str_field
                0x9d007eb8                search_method
                0x9d007f24                update_class_info
                0x9d007f94                begin_compiling_class
                0x9d007fb4                construct_class_structure
                0x9d0081f8                delete_cmpdata_for_class
                0x9d0082ac                object_size
                0x9d0082c4                resolve_unresolved
                0x9d008428                end_compiling_class
                0x9d00848c                field_statement
                0x9d0086a4                obj_method
                0x9d008c30                new_function
                0x9d008fbc                _obj_field
                0x9d0091e0                integer_obj_field
                0x9d0091fc                string_obj_field
                0x9d009218                float_obj_field
                0x9d009234                method_statement
                0x9d0092a4                delete_statement
                0x9d00940c                call_statement
                0x9d009428                static_statement
                0x9d009660                static_method
                0x9d00999c                let_object_field
 .text          0x9d009cf8      0x1e4 cmpdata.c.o
                0x9d009cf8                cmpdata_init
                0x9d009d10                cmpdata_get_id
                0x9d009d48                cmpdata_insert
                0x9d009de8                cmpdata_reset
                0x9d009df4                cmpdata_find
                0x9d009e3c                cmpdata_findfirst
                0x9d009e68                cmpdata_delete
 .text          0x9d009edc      0x57c compiler.c.o
                0x9d009edc                start_program
                0x9d009f84                get_gp
                0x9d009f8c                get_fp
                0x9d009f94                shift_obj
                0x9d00a004                strncmp
                0x9d00a078                nextCodeIs
                0x9d00a194                endOfStatement
                0x9d00a1e8                compile_line
 .text          0x9d00a458        0x0 debug.c.o
 .text          0x9d00a458     0x4b40 editor.c.o
                0x9d00a458                editormalloc
                0x9d00a4a0                wait60thsec
                0x9d00a4d8                bpixtopos
                0x9d00a52c                postobpix
                0x9d00a59c                linetobpix
                0x9d00a628                newTBuf
                0x9d00a680                deleteTBuf
                0x9d00a6b4                pushundomem
                0x9d00a7f0                pushundomem2
                0x9d00a820                popundomem
                0x9d00a85c                popundomem2
                0x9d00a890                setundobuf
                0x9d00a9b0                insertchar
                0x9d00ab5c                overwritechar
                0x9d00ac34                deletechar
                0x9d00ad4c                gabagecollect1
                0x9d00af98                gabagecollect2
                0x9d00afb8                inittextbuf
                0x9d00b014                redraw
                0x9d00b230                cursor_left
                0x9d00b41c                cursor_right
                0x9d00b530                cursor_up
                0x9d00b6dc                cursor_down
                0x9d00b818                cursor_home
                0x9d00b860                cursor_end
                0x9d00b8f0                cursor_pageup
                0x9d00b9b4                cursor_pagedown
                0x9d00ba94                cursor_top
                0x9d00bac4                countarea
                0x9d00bb50                deletearea_len
                0x9d00bcb8                deletearea
                0x9d00bdb4                clipcopy
                0x9d00be68                clippaste
                0x9d00bf2c                movecursor
                0x9d00bfa0                undoexec
                0x9d00c190                set_areamode
                0x9d00c1bc                save_cursor
                0x9d00c1f8                restore_cursor
                0x9d00c234                filesystemretry
                0x9d00c2f4                sdfilecopy
                0x9d00c3e4                savetextfile
                0x9d00c534                loadtextfile
                0x9d00c6a0                overwritecheck
                0x9d00c74c                printfilename
                0x9d00c848                select_dir_file
                0x9d00cff4                getfilelist
                0x9d00d224                save_as
                0x9d00d504                newtext
                0x9d00d5c4                msra
                0x9d00da08                fileload
                0x9d00dd1c                changewidth
                0x9d00dd88                run
                0x9d00e25c                displaybottomline
                0x9d00e410                normal_code_process
                0x9d00e500                control_code_process
                0x9d00ed34                texteditor
 .text          0x9d00ef98      0xe10 envspecific.c.o
                0x9d00ef98                readbuttons
                0x9d00efa8                pre_run
                0x9d00efcc                scroll
                0x9d00f22c                allocate_graphic_area
                0x9d00f2c8                start_graphic
                0x9d00f338                usegraphic
                0x9d00f410                post_run
                0x9d00f46c                lib_system
                0x9d00fbe0                videowidth
                0x9d00fd5c                set_graphmode
                0x9d00fd80                err_peri_not_init
 .text          0x9d00fda8      0x698 error.c.o
                0x9d00fda8                resolve_label
                0x9d0100a8                pre_end_addr
                0x9d01012c                err_break
                0x9d01015c                err_data_not_found
                0x9d010184                err_label_not_found
                0x9d0101c8                err_div_zero
                0x9d0101f0                err_no_mem
                0x9d010218                err_str_complex
                0x9d010240                err_unknown
                0x9d01027c                err_music
                0x9d0102d0                err_unexp_next
                0x9d0102f8                err_no_block
                0x9d010320                err_invalid_param
                0x9d010348                err_file
                0x9d010370                err_wave
                0x9d010398                err_not_obj
                0x9d0103c0                err_not_field
                0x9d01041c                err_str
 .text          0x9d010440      0x570 exception.c.o
                0x9d010440                dumpMemory
                0x9d010448                _general_exception_handler
                0x9d01045c                _general_exception_handler_main
                0x9d010574                blue_screen
 .text          0x9d0109b0      0x76c file.c.o
                0x9d0109b0                init_file
                0x9d010a0c                close_file
                0x9d010a28                read_file
                0x9d010bb0                compile_file
                0x9d010c80                compile_and_link_class
                0x9d010f3c                compile_and_link_file
                0x9d011100                compile_and_link_main_file
 .text          0x9d01111c      0x764 float.c.o
                0x9d01111c                get_float_sub
                0x9d011290                get_simple_float
                0x9d01172c                get_float
 .text          0x9d011880     0x231c function.c.o
                0x9d011880                read_function
                0x9d011900                cread_function
                0x9d01196c                rnd_function
                0x9d0119d8                drawcount_function
                0x9d011a44                input_function
                0x9d011ab0                fseek_function
                0x9d011b1c                flen_function
                0x9d011b88                fgetc_function
                0x9d011bf4                feof_function
                0x9d011c60                getdir_function
                0x9d011ccc                fopen_function
                0x9d011ce8                gcolor_function
                0x9d011d04                int_function
                0x9d011d8c                floatstr_function
                0x9d011e70                setdir_function
                0x9d011ef8                sprintf_function
                0x9d0120bc                val_function
                0x9d012144                asc_function
                0x9d0121ac                len_function
                0x9d012288                playwave_function
                0x9d01239c                finput_function
                0x9d0124b0                system_function
                0x9d012558                inkey_function
                0x9d012668                tvram_function
                0x9d0127bc                keys_function
                0x9d0128d0                dec_function
                0x9d012958                hex_function
                0x9d012b40                chr_function
                0x9d012bc8                not_function
                0x9d012c34                abs_function
                0x9d012cd8                sgn_function
                0x9d012db4                strncmp_function
                0x9d012f9c                music_function
                0x9d0130b0                args_function
                0x9d0130cc                gosub_function
                0x9d0130fc                peek_function_sub
                0x9d0131b0                peek32_function
                0x9d0131cc                peek16_function
                0x9d0131e8                peek_function
                0x9d013204                floatsharp_function
                0x9d01328c                valsharp_function
                0x9d013314                float_constant
                0x9d01340c                float_1param_function
                0x9d0134a4                float_2param_function
                0x9d013678                float_function
                0x9d0139ec                str_function
                0x9d013ac4                function
 .text          0x9d013b9c        0x0 globalvars.c.o
 .text          0x9d013b9c     0x101c i2c.c.o
                0x9d013b9c                readByte
                0x9d013c58                lib_i2c
                0x9d013ce4                lib_i2cerror
                0x9d013d18                lib_i2cwrite
                0x9d013e50                lib_i2cwritedata
                0x9d014000                lib_i2cread
                0x9d0141e0                lib_i2creaddata
                0x9d014420                i2c_statement
                0x9d014508                i2cerror_function
                0x9d014574                i2cwrite_read
                0x9d0147c8                i2cwrite_statement
                0x9d0147e4                i2cread_function
                0x9d014800                i2cwritedata_readdata
                0x9d014b80                i2cwritedata_statement
                0x9d014b9c                i2creaddata_statement
 .text          0x9d014bb8     0x1690 io.c.o
                0x9d014bb8                lib_serial
                0x9d014d64                uartint
                0x9d014ebc                lib_serialout
                0x9d014f10                lib_serialin
                0x9d014f78                lib_pwm
                0x9d015470                lib_out
                0x9d015508                lib_out8h
                0x9d015540                lib_out8l
                0x9d015574                lib_out16
                0x9d01559c                lib_in
                0x9d015624                lib_in8h
                0x9d015650                lib_in8l
                0x9d01567c                lib_in16
                0x9d0156a8                lib_analog
                0x9d0157d0                out_statement
                0x9d0157ec                out8h_statement
                0x9d015874                out8l_statement
                0x9d0158fc                out16_statement
                0x9d015984                pwm_statement
                0x9d015bf4                in_function
                0x9d015c7c                in8h_function
                0x9d015ce8                in8l_function
                0x9d015d54                in16_function
                0x9d015dc0                analog_function
                0x9d015e48                serial_statement
                0x9d0160b0                serialout_statement
                0x9d016138                serialin_function
 .text          0x9d016248     0x2618 library.c.o
                0x9d016248                lib_setdir
                0x9d01629c                lib_getdir
                0x9d0162d8                lib_read
                0x9d0164c0                reset_dataread
                0x9d0164e0                lib_midstr
                0x9d0165dc                lib_clear
                0x9d016644                lib_let_str
                0x9d0166e0                lib_rnd
                0x9d016708                lib_chr
                0x9d01673c                lib_dec
                0x9d016898                lib_hex
                0x9d0169a0                lib_connect_string
                0x9d016aac                lib_string
                0x9d016bb0                lib_label
                0x9d016bf8                lib_keys
                0x9d016c78                lib_val
                0x9d016df4                lib_input
                0x9d016e6c                lib_inkey
                0x9d016eec                lib_usepcg
                0x9d016f74                lib_pcg
                0x9d017024                lib_usegraphic
                0x9d017048                lib_wait
                0x9d0170dc                lib_graphic
                0x9d01734c                lib_var_push
                0x9d017488                lib_var_pop
                0x9d01756c                lib_sprintf
                0x9d017604                lib_floatfuncs
                0x9d0178d4                lib_dim
                0x9d0179b4                lib_file_textlen
                0x9d017afc                lib_file
                0x9d0180c4                call_library
                0x9d0180ec                _call_library
 .text          0x9d018860      0x8d8 linker.c.o
                0x9d018860                get_label
                0x9d018a64                search_label
                0x9d018b20                search_breakout
                0x9d018bd8                search_ifout
                0x9d018c6c                link
 .text          0x9d019138      0x674 main.c.o
                0x9d019138                freadline
                0x9d01923c                searchinittext
                0x9d0192b0                readinifile
                0x9d0193e4                printhex8
                0x9d019434                printhex16
                0x9d019464                printhex32
                0x9d019494                main
 .text          0x9d0197ac      0x930 memory.c.o
                0x9d0197ac                register_deleted_block
                0x9d019814                set_free_area
                0x9d019854                alloc_memory
                0x9d019890                calloc_memory
                0x9d0198d4                _alloc_memory_main
                0x9d019ba4                free_temp_str
                0x9d019c64                free_non_temp_str
                0x9d019da0                free_perm_str
                0x9d019e48                move_from_perm_block_if_exists
                0x9d019ef8                move_from_perm_block
                0x9d019f24                get_permanent_var_num
                0x9d019fc8                move_to_perm_block
                0x9d01a04c                get_varnum_from_address
                0x9d01a090                lib_calloc_memory
                0x9d01a0c0                lib_delete
 .text          0x9d01a0dc     0x1c0c music.c.o
                0x9d01a0dc                musicRemaining
                0x9d01a0f0                waveRemaining
                0x9d01a148                musicGetNum
                0x9d01a1b8                musicSetL
                0x9d01a204                musicSetQ
                0x9d01a30c                musicSetK
                0x9d01a84c                musicSetM
                0x9d01a870                checkChars
                0x9d01a8c0                openWave
                0x9d01aa38                init_wave_dma
                0x9d01ac1c                stop_music
                0x9d01ac64                play_wave
                0x9d01ad8c                init_music
                0x9d01aea0                init_normal_music
                0x9d01af14                set_music
                0x9d01b364                set_sound
                0x9d01b544                musicint
 .text          0x9d01bce8      0xdc4 operator.c.o
                0x9d01bce8                get_operator
                0x9d01c008                get_floatOperator
                0x9d01c098                calculation
                0x9d01c7a8                calculation_float
                0x9d01c81c                lib_float
 .text          0x9d01caac      0x370 run.c.o
                0x9d01caac                printdec
                0x9d01cbf0                runbasic
 .text          0x9d01ce1c     0x1118 spi.c.o
                0x9d01ce1c                enable_cs
                0x9d01ce30                disable_cs
                0x9d01ce44                idle
                0x9d01ce60                writeReadWord
                0x9d01ce90                lib_spi
                0x9d01d188                lib_spiwrite
                0x9d01d234                lib_spiwritedata
                0x9d01d3e8                lib_spiread
                0x9d01d4a0                lib_spireaddata
                0x9d01d604                lib_spiswapdata
                0x9d01d768                spi_statement
                0x9d01da94                spiwrite_statement
                0x9d01dab0                spiread_function
                0x9d01dbb8                spiwritedata_readdata
                0x9d01dee0                spiwritedata_statement
                0x9d01defc                spireaddata_statement
                0x9d01df18                spiswapdata_statement
 .text          0x9d01df34     0x5cf8 statement.c.o
                0x9d01df34                rem_statement
                0x9d01dfcc                clear_statement
                0x9d01e038                end_statement
                0x9d01e0c8                break_statement
                0x9d01e128                continue_statement
                0x9d01e18c                next_statement
                0x9d01e230                wend_statement
                0x9d01e2d4                cls_statement
                0x9d01e340                gcls_statement
                0x9d01e3ac                idle_statement
                0x9d01e3fc                option_statement
                0x9d01e4c8                endif_statement
                0x9d01e554                else_statement
                0x9d01e5fc                setdir_statement
                0x9d01e684                fremove_statement
                0x9d01e70c                useclass_statement
                0x9d01e81c                playwave_statement
                0x9d01e9c8                fputc_statement
                0x9d01ea50                fseek_statement
                0x9d01ead8                file_statement
                0x9d01eb60                width_statement
                0x9d01ebe8                wait_statement
                0x9d01ec70                drawcount_statement
                0x9d01ecf8                system_statement
                0x9d01ee7c                gcolor_statement
                0x9d01ef04                color_statement
                0x9d01ef8c                usegraphic_statement
                0x9d01f064                usepcg_statement
                0x9d01f13c                music_statement
                0x9d01f34c                usevar_statement
                0x9d01f438                fclose_statement
                0x9d01f518                goto_statement
                0x9d01f680                restore_statement
                0x9d01f7b0                sound_statement
                0x9d01faa8                dim_statement
                0x9d01fe00                while_statement
                0x9d01ff00                loop_statement
                0x9d0200a0                do_statement
                0x9d020248                elseif_statement
                0x9d020348                return_statement
                0x9d020458                label_statement
                0x9d020554                cdata_statement
                0x9d020924                exec_statement
                0x9d020b34                data_statement
                0x9d020cec                poke_statement_sub
                0x9d020e7c                poke32_statement
                0x9d020e98                poke16_statement
                0x9d020eb4                poke_statement
                0x9d020ed0                gosub_statement_sub
                0x9d021150                gosub_statement
                0x9d021210                let_dim_sub
                0x9d021420                let_statement
                0x9d021a78                for_statement
                0x9d021d60                print_statement_main
                0x9d022178                fprint_statement
                0x9d022198                print_statement
                0x9d0221b8                param4_statement
                0x9d02242c                gpalette_statement
                0x9d022448                palette_statement
                0x9d022464                param3_statement
                0x9d022658                pcg_statement
                0x9d022674                bgcolor_statement
                0x9d022690                param2_statement
                0x9d022804                fput_statement
                0x9d022820                fget_statement
                0x9d02283c                scroll_statement
                0x9d022858                cursor_statement
                0x9d022874                var_statement_sub
                0x9d022ad8                var_statement
                0x9d022ea4                graphic_statement
                0x9d0234a0                point_statement
                0x9d0234bc                putbmp_statement
                0x9d0234d8                gprint_statement
                0x9d0234f4                circlefill_statement
                0x9d023510                circle_statement
                0x9d02352c                boxfill_statement
                0x9d023548                line_statement
                0x9d023564                pset_statement
                0x9d023580                fopen_statement_main
                0x9d0237c0                fopen_statement
                0x9d0237dc                statement
                0x9d023900                if_statement
 .text          0x9d023c2c      0xaa0 string.c.o
                0x9d023c2c                simple_string
                0x9d024348                get_string_sub
                0x9d02457c                get_string
 .text          0x9d0246cc      0xcf4 timer.c.o
                0x9d0246cc                lib_interrupt
                0x9d0246dc                lib_usetimer
                0x9d024868                init_timer
                0x9d02490c                stop_timer
                0x9d024938                T1Handler
                0x9d0249f0                usetimer_statement
                0x9d024ac0                timer_statement
                0x9d024b5c                timer_function
                0x9d024bdc                BasicInt
                0x9d024bfc                CS1Handler
                0x9d024dd0                lib_interrupt_main
                0x9d024e1c                interrupt_statement
                0x9d025180                CS0Handler
 .text          0x9d0253c0      0xc74 value.c.o
                0x9d0253c0                get_value_sub
                0x9d025534                get_dim_value
                0x9d0257e8                get_simple_value
                0x9d025e2c                get_value
                0x9d025f7c                get_floatOrValue
                0x9d025fe8                get_stringFloatOrValue
 .text          0x9d026034      0x304 varname.c.o
                0x9d026034                check_var_name
                0x9d026178                search_var_name
                0x9d0261c8                get_var_number
                0x9d0262c8                register_var_name
 .text          0x9d026338      0x6dc interface\keyinput.c.o
                0x9d026338                getcursorchar
                0x9d026358                resetcursorchar
                0x9d02637c                blinkcursorchar
                0x9d026400                inputchar
                0x9d026454                cursorinputchar
                0x9d0264d0                printinputchar
                0x9d026508                lineinput
 *fill*         0x9d026a14        0xc 
 .text          0x9d026a20     0x80b0 interface\lib_video_megalopa.c.o
                0x9d026a20                T2Handler
                0x9d026ac0                OC5Handler
                0x9d026bd0                OC2Handler
                0x9d026dc0                OC1Handler
                0x9d02d9b0                g_clearscreen
                0x9d02da38                clearscreen
                0x9d02da64                set_palette
                0x9d02df98                set_bgcolor
                0x9d02e4c0                init_palette
                0x9d02e588                start_composite
                0x9d02e5b0                stop_composite
                0x9d02e5bc                init_composite
                0x9d02e778                set_videomode
 .text          0x9d02ead0       0xa8 interface\mweb.c.o
                0x9d02ead0                html5returnValue
                0x9d02eae0                shiftkeys
                0x9d02eae8                ps2readkey
                0x9d02eaf0                FindFirst
                0x9d02eaf8                FindNext
                0x9d02eb00                FSmkdir
                0x9d02eb08                FSgetcwd
                0x9d02eb10                FSchdir
                0x9d02eb18                FSfwrite
                0x9d02eb20                FSremove
                0x9d02eb28                FSrename
                0x9d02eb30                FSfeof
                0x9d02eb38                FSftell
                0x9d02eb40                FSfseek
                0x9d02eb48                FSfread
                0x9d02eb50                FSrewind
                0x9d02eb58                FSfclose
                0x9d02eb60                FSfopen
                0x9d02eb68                FSInit
                0x9d02eb70                ps2init
 .text          0x9d02eb78     0x1b40 interface\text_graph_library.c.o
                0x9d02eb78                g_pset
                0x9d02ec3c                g_putbmpmn
                0x9d02f054                g_clrbmpmn
                0x9d02f354                g_gline
                0x9d02f4a8                g_circle
                0x9d02f600                g_hline
                0x9d02f848                g_boxfill
                0x9d02f92c                g_circlefill
                0x9d02fa38                g_putfont
                0x9d02feb4                g_printstr
                0x9d02ff34                g_printnum
                0x9d030010                g_printnum2
                0x9d030118                g_color
                0x9d0301bc                vramscroll
                0x9d03032c                setcursor
                0x9d030370                setcursorcolor
                0x9d030378                printchar
                0x9d030470                printstr
                0x9d0304ac                printnum
                0x9d030544                printnum2
                0x9d030650                cls
                0x9d03066c                startPCG
                0x9d0306a8                stopPCG
 .text          0x9d0306b8        0x0 C:\Users\kmorimatsu\Documents\At Home\PIC\PIC32\chipkit\mpide-0150\hardware\pic32\compiler\pic32-tools\pic32mx\lib\libm.a(lib_a-sf_atan.o)
 .text.atanf    0x9d0306b8      0x3c8 C:\Users\kmorimatsu\Documents\At Home\PIC\PIC32\chipkit\mpide-0150\hardware\pic32\compiler\pic32-tools\pic32mx\lib\libm.a(lib_a-sf_atan.o)
                0x9d0306b8                atanf
 .text          0x9d030a80        0x0 C:\Users\kmorimatsu\Documents\At Home\PIC\PIC32\chipkit\mpide-0150\hardware\pic32\compiler\pic32-tools\pic32mx\lib\libm.a(lib_a-sf_ceil.o)
 .text.ceilf    0x9d030a80       0xf8 C:\Users\kmorimatsu\Documents\At Home\PIC\PIC32\chipkit\mpide-0150\hardware\pic32\compiler\pic32-tools\pic32mx\lib\libm.a(lib_a-sf_ceil.o)
                0x9d030a80                ceilf
 .text          0x9d030b78        0x0 C:\Users\kmorimatsu\Documents\At Home\PIC\PIC32\chipkit\mpide-0150\hardware\pic32\compiler\pic32-tools\pic32mx\lib\libm.a(lib_a-sf_cos.o)
 .text.cosf     0x9d030b78       0xc4 C:\Users\kmorimatsu\Documents\At Home\PIC\PIC32\chipkit\mpide-0150\hardware\pic32\compiler\pic32-tools\pic32mx\lib\libm.a(lib_a-sf_cos.o)
                0x9d030b78                cosf
 .text          0x9d030c3c        0x0 C:\Users\kmorimatsu\Documents\At Home\PIC\PIC32\chipkit\mpide-0150\hardware\pic32\compiler\pic32-tools\pic32mx\lib\libm.a(lib_a-sf_fabs.o)
 .text.fabsf    0x9d030c3c        0x8 C:\Users\kmorimatsu\Documents\At Home\PIC\PIC32\chipkit\mpide-0150\hardware\pic32\compiler\pic32-tools\pic32mx\lib\libm.a(lib_a-sf_fabs.o)
                0x9d030c3c                fabsf
 .text          0x9d030c44        0x0 C:\Users\kmorimatsu\Documents\At Home\PIC\PIC32\chipkit\mpide-0150\hardware\pic32\compiler\pic32-tools\pic32mx\lib\libm.a(lib_a-sf_floor.o)
 .text.floorf   0x9d030c44       0xf8 C:\Users\kmorimatsu\Documents\At Home\PIC\PIC32\chipkit\mpide-0150\hardware\pic32\compiler\pic32-tools\pic32mx\lib\libm.a(lib_a-sf_floor.o)
                0x9d030c44                floorf
 .text          0x9d030d3c        0x0 C:\Users\kmorimatsu\Documents\At Home\PIC\PIC32\chipkit\mpide-0150\hardware\pic32\compiler\pic32-tools\pic32mx\lib\libm.a(lib_a-sf_modf.o)
 .text.modff    0x9d030d3c       0x7c C:\Users\kmorimatsu\Documents\At Home\PIC\PIC32\chipkit\mpide-0150\hardware\pic32\compiler\pic32-tools\pic32mx\lib\libm.a(lib_a-sf_modf.o)
                0x9d030d3c                modff
 .text          0x9d030db8        0x0 C:\Users\kmorimatsu\Documents\At Home\PIC\PIC32\chipkit\mpide-0150\hardware\pic32\compiler\pic32-tools\pic32mx\lib\libm.a(lib_a-sf_sin.o)
 .text.sinf     0x9d030db8       0xcc C:\Users\kmorimatsu\Documents\At Home\PIC\PIC32\chipkit\mpide-0150\hardware\pic32\compiler\pic32-tools\pic32mx\lib\libm.a(lib_a-sf_sin.o)
                0x9d030db8                sinf
 .text          0x9d030e84        0x0 C:\Users\kmorimatsu\Documents\At Home\PIC\PIC32\chipkit\mpide-0150\hardware\pic32\compiler\pic32-tools\pic32mx\lib\libm.a(lib_a-sf_tanh.o)
 .text.tanhf    0x9d030e84      0x178 C:\Users\kmorimatsu\Documents\At Home\PIC\PIC32\chipkit\mpide-0150\hardware\pic32\compiler\pic32-tools\pic32mx\lib\libm.a(lib_a-sf_tanh.o)
                0x9d030e84                tanhf
 .text          0x9d030ffc        0x0 C:\Users\kmorimatsu\Documents\At Home\PIC\PIC32\chipkit\mpide-0150\hardware\pic32\compiler\pic32-tools\pic32mx\lib\libm.a(lib_a-sf_tan.o)
 .text.tanf     0x9d030ffc       0x80 C:\Users\kmorimatsu\Documents\At Home\PIC\PIC32\chipkit\mpide-0150\hardware\pic32\compiler\pic32-tools\pic32mx\lib\libm.a(lib_a-sf_tan.o)
                0x9d030ffc                tanf
 .text          0x9d03107c        0x0 C:\Users\kmorimatsu\Documents\At Home\PIC\PIC32\chipkit\mpide-0150\hardware\pic32\compiler\pic32-tools\pic32mx\lib\libm.a(lib_a-wf_acos.o)
 .text.acosf    0x9d03107c      0x114 C:\Users\kmorimatsu\Documents\At Home\PIC\PIC32\chipkit\mpide-0150\hardware\pic32\compiler\pic32-tools\pic32mx\lib\libm.a(lib_a-wf_acos.o)
                0x9d03107c                acosf
 .text          0x9d031190        0x0 C:\Users\kmorimatsu\Documents\At Home\PIC\PIC32\chipkit\mpide-0150\hardware\pic32\compiler\pic32-tools\pic32mx\lib\libm.a(lib_a-wf_asin.o)
 .text.asinf    0x9d031190      0x114 C:\Users\kmorimatsu\Documents\At Home\PIC\PIC32\chipkit\mpide-0150\hardware\pic32\compiler\pic32-tools\pic32mx\lib\libm.a(lib_a-wf_asin.o)
                0x9d031190                asinf
 .text          0x9d0312a4        0x0 C:\Users\kmorimatsu\Documents\At Home\PIC\PIC32\chipkit\mpide-0150\hardware\pic32\compiler\pic32-tools\pic32mx\lib\libm.a(lib_a-wf_atan2.o)
 .text.atan2f   0x9d0312a4        0x8 C:\Users\kmorimatsu\Documents\At Home\PIC\PIC32\chipkit\mpide-0150\hardware\pic32\compiler\pic32-tools\pic32mx\lib\libm.a(lib_a-wf_atan2.o)
                0x9d0312a4                atan2f
 .text          0x9d0312ac        0x0 C:\Users\kmorimatsu\Documents\At Home\PIC\PIC32\chipkit\mpide-0150\hardware\pic32\compiler\pic32-tools\pic32mx\lib\libm.a(lib_a-wf_cosh.o)
 .text.coshf    0x9d0312ac      0x128 C:\Users\kmorimatsu\Documents\At Home\PIC\PIC32\chipkit\mpide-0150\hardware\pic32\compiler\pic32-tools\pic32mx\lib\libm.a(lib_a-wf_cosh.o)
                0x9d0312ac                coshf
 .text          0x9d0313d4        0x0 C:\Users\kmorimatsu\Documents\At Home\PIC\PIC32\chipkit\mpide-0150\hardware\pic32\compiler\pic32-tools\pic32mx\lib\libm.a(lib_a-wf_exp.o)
 .text.expf     0x9d0313d4      0x178 C:\Users\kmorimatsu\Documents\At Home\PIC\PIC32\chipkit\mpide-0150\hardware\pic32\compiler\pic32-tools\pic32mx\lib\libm.a(lib_a-wf_exp.o)
                0x9d0313d4                expf
 .text          0x9d03154c        0x0 C:\Users\kmorimatsu\Documents\At Home\PIC\PIC32\chipkit\mpide-0150\hardware\pic32\compiler\pic32-tools\pic32mx\lib\libm.a(lib_a-wf_fmod.o)
 .text.fmodf    0x9d03154c      0x148 C:\Users\kmorimatsu\Documents\At Home\PIC\PIC32\chipkit\mpide-0150\hardware\pic32\compiler\pic32-tools\pic32mx\lib\libm.a(lib_a-wf_fmod.o)
                0x9d03154c                fmodf
 .text          0x9d031694        0x0 C:\Users\kmorimatsu\Documents\At Home\PIC\PIC32\chipkit\mpide-0150\hardware\pic32\compiler\pic32-tools\pic32mx\lib\libm.a(lib_a-wf_log10.o)
 .text.log10f   0x9d031694      0x168 C:\Users\kmorimatsu\Documents\At Home\PIC\PIC32\chipkit\mpide-0150\hardware\pic32\compiler\pic32-tools\pic32mx\lib\libm.a(lib_a-wf_log10.o)
                0x9d031694                log10f
 .text          0x9d0317fc        0x0 C:\Users\kmorimatsu\Documents\At Home\PIC\PIC32\chipkit\mpide-0150\hardware\pic32\compiler\pic32-tools\pic32mx\lib\libm.a(lib_a-wf_log.o)
 .text.logf     0x9d0317fc      0x168 C:\Users\kmorimatsu\Documents\At Home\PIC\PIC32\chipkit\mpide-0150\hardware\pic32\compiler\pic32-tools\pic32mx\lib\libm.a(lib_a-wf_log.o)
                0x9d0317fc                logf
 .text          0x9d031964        0x0 C:\Users\kmorimatsu\Documents\At Home\PIC\PIC32\chipkit\mpide-0150\hardware\pic32\compiler\pic32-tools\pic32mx\lib\libm.a(lib_a-wf_pow.o)
 .text.powf     0x9d031964      0x4c0 C:\Users\kmorimatsu\Documents\At Home\PIC\PIC32\chipkit\mpide-0150\hardware\pic32\compiler\pic32-tools\pic32mx\lib\libm.a(lib_a-wf_pow.o)
                0x9d031964                powf
 .text          0x9d031e24        0x0 C:\Users\kmorimatsu\Documents\At Home\PIC\PIC32\chipkit\mpide-0150\hardware\pic32\compiler\pic32-tools\pic32mx\lib\libm.a(lib_a-wf_sinh.o)
 .text.sinhf    0x9d031e24      0x158 C:\Users\kmorimatsu\Documents\At Home\PIC\PIC32\chipkit\mpide-0150\hardware\pic32\compiler\pic32-tools\pic32mx\lib\libm.a(lib_a-wf_sinh.o)
                0x9d031e24                sinhf
 .text          0x9d031f7c        0x0 C:\Users\kmorimatsu\Documents\At Home\PIC\PIC32\chipkit\mpide-0150\hardware\pic32\compiler\pic32-tools\pic32mx\lib\libm.a(lib_a-wf_sqrt.o)
 .text.sqrtf    0x9d031f7c      0x114 C:\Users\kmorimatsu\Documents\At Home\PIC\PIC32\chipkit\mpide-0150\hardware\pic32\compiler\pic32-tools\pic32mx\lib\libm.a(lib_a-wf_sqrt.o)
                0x9d031f7c                sqrtf
 .text          0x9d032090        0x0 C:\Users\kmorimatsu\Documents\At Home\PIC\PIC32\chipkit\mpide-0150\hardware\pic32\compiler\pic32-tools\pic32mx\lib\libm.a(lib_a-ef_acos.o)
 .text.__ieee754_acosf
                0x9d032090      0x580 C:\Users\kmorimatsu\Documents\At Home\PIC\PIC32\chipkit\mpide-0150\hardware\pic32\compiler\pic32-tools\pic32mx\lib\libm.a(lib_a-ef_acos.o)
                0x9d032090                __ieee754_acosf
 .text          0x9d032610        0x0 C:\Users\kmorimatsu\Documents\At Home\PIC\PIC32\chipkit\mpide-0150\hardware\pic32\compiler\pic32-tools\pic32mx\lib\libm.a(lib_a-ef_asin.o)
 .text.__ieee754_asinf
                0x9d032610      0x4bc C:\Users\kmorimatsu\Documents\At Home\PIC\PIC32\chipkit\mpide-0150\hardware\pic32\compiler\pic32-tools\pic32mx\lib\libm.a(lib_a-ef_asin.o)
                0x9d032610                __ieee754_asinf
 .text          0x9d032acc        0x0 C:\Users\kmorimatsu\Documents\At Home\PIC\PIC32\chipkit\mpide-0150\hardware\pic32\compiler\pic32-tools\pic32mx\lib\libm.a(lib_a-ef_atan2.o)
 .text.__ieee754_atan2f
                0x9d032acc      0x208 C:\Users\kmorimatsu\Documents\At Home\PIC\PIC32\chipkit\mpide-0150\hardware\pic32\compiler\pic32-tools\pic32mx\lib\libm.a(lib_a-ef_atan2.o)
                0x9d032acc                __ieee754_atan2f
 .text          0x9d032cd4        0x0 C:\Users\kmorimatsu\Documents\At Home\PIC\PIC32\chipkit\mpide-0150\hardware\pic32\compiler\pic32-tools\pic32mx\lib\libm.a(lib_a-ef_cosh.o)
 .text.__ieee754_coshf
                0x9d032cd4      0x1a8 C:\Users\kmorimatsu\Documents\At Home\PIC\PIC32\chipkit\mpide-0150\hardware\pic32\compiler\pic32-tools\pic32mx\lib\libm.a(lib_a-ef_cosh.o)
                0x9d032cd4                __ieee754_coshf
 .text          0x9d032e7c        0x0 C:\Users\kmorimatsu\Documents\At Home\PIC\PIC32\chipkit\mpide-0150\hardware\pic32\compiler\pic32-tools\pic32mx\lib\libm.a(lib_a-ef_exp.o)
 .text.__ieee754_expf
                0x9d032e7c      0x374 C:\Users\kmorimatsu\Documents\At Home\PIC\PIC32\chipkit\mpide-0150\hardware\pic32\compiler\pic32-tools\pic32mx\lib\libm.a(lib_a-ef_exp.o)
                0x9d032e7c                __ieee754_expf
 .text          0x9d0331f0        0x0 C:\Users\kmorimatsu\Documents\At Home\PIC\PIC32\chipkit\mpide-0150\hardware\pic32\compiler\pic32-tools\pic32mx\lib\libm.a(lib_a-ef_fmod.o)
 .text.__ieee754_fmodf
                0x9d0331f0      0x1c0 C:\Users\kmorimatsu\Documents\At Home\PIC\PIC32\chipkit\mpide-0150\hardware\pic32\compiler\pic32-tools\pic32mx\lib\libm.a(lib_a-ef_fmod.o)
                0x9d0331f0                __ieee754_fmodf
 .text          0x9d0333b0        0x0 C:\Users\kmorimatsu\Documents\At Home\PIC\PIC32\chipkit\mpide-0150\hardware\pic32\compiler\pic32-tools\pic32mx\lib\libm.a(lib_a-ef_log10.o)
 .text.__ieee754_log10f
                0x9d0333b0      0x124 C:\Users\kmorimatsu\Documents\At Home\PIC\PIC32\chipkit\mpide-0150\hardware\pic32\compiler\pic32-tools\pic32mx\lib\libm.a(lib_a-ef_log10.o)
                0x9d0333b0                __ieee754_log10f
 .text          0x9d0334d4        0x0 C:\Users\kmorimatsu\Documents\At Home\PIC\PIC32\chipkit\mpide-0150\hardware\pic32\compiler\pic32-tools\pic32mx\lib\libm.a(lib_a-ef_log.o)
 .text.__ieee754_logf
                0x9d0334d4      0x464 C:\Users\kmorimatsu\Documents\At Home\PIC\PIC32\chipkit\mpide-0150\hardware\pic32\compiler\pic32-tools\pic32mx\lib\libm.a(lib_a-ef_log.o)
                0x9d0334d4                __ieee754_logf
 .text          0x9d033938        0x0 C:\Users\kmorimatsu\Documents\At Home\PIC\PIC32\chipkit\mpide-0150\hardware\pic32\compiler\pic32-tools\pic32mx\lib\libm.a(lib_a-ef_pow.o)
 .text.__ieee754_powf
                0x9d033938      0xb70 C:\Users\kmorimatsu\Documents\At Home\PIC\PIC32\chipkit\mpide-0150\hardware\pic32\compiler\pic32-tools\pic32mx\lib\libm.a(lib_a-ef_pow.o)
                0x9d033938                __ieee754_powf
 .text          0x9d0344a8        0x0 C:\Users\kmorimatsu\Documents\At Home\PIC\PIC32\chipkit\mpide-0150\hardware\pic32\compiler\pic32-tools\pic32mx\lib\libm.a(lib_a-ef_rem_pio2.o)
 .text.__ieee754_rem_pio2f
                0x9d0344a8      0x4e0 C:\Users\kmorimatsu\Documents\At Home\PIC\PIC32\chipkit\mpide-0150\hardware\pic32\compiler\pic32-tools\pic32mx\lib\libm.a(lib_a-ef_rem_pio2.o)
                0x9d0344a8                __ieee754_rem_pio2f
 .text          0x9d034988        0x0 C:\Users\kmorimatsu\Documents\At Home\PIC\PIC32\chipkit\mpide-0150\hardware\pic32\compiler\pic32-tools\pic32mx\lib\libm.a(lib_a-ef_sinh.o)
 .text.__ieee754_sinhf
                0x9d034988      0x1e4 C:\Users\kmorimatsu\Documents\At Home\PIC\PIC32\chipkit\mpide-0150\hardware\pic32\compiler\pic32-tools\pic32mx\lib\libm.a(lib_a-ef_sinh.o)
                0x9d034988                __ieee754_sinhf
 .text          0x9d034b6c        0x0 C:\Users\kmorimatsu\Documents\At Home\PIC\PIC32\chipkit\mpide-0150\hardware\pic32\compiler\pic32-tools\pic32mx\lib\libm.a(lib_a-ef_sqrt.o)
 .text.__ieee754_sqrtf
                0x9d034b6c      0x12c C:\Users\kmorimatsu\Documents\At Home\PIC\PIC32\chipkit\mpide-0150\hardware\pic32\compiler\pic32-tools\pic32mx\lib\libm.a(lib_a-ef_sqrt.o)
                0x9d034b6c                __ieee754_sqrtf
 .text          0x9d034c98        0x0 C:\Users\kmorimatsu\Documents\At Home\PIC\PIC32\chipkit\mpide-0150\hardware\pic32\compiler\pic32-tools\pic32mx\lib\libm.a(lib_a-kf_cos.o)
 .text.__kernel_cosf
                0x9d034c98      0x220 C:\Users\kmorimatsu\Documents\At Home\PIC\PIC32\chipkit\mpide-0150\hardware\pic32\compiler\pic32-tools\pic32mx\lib\libm.a(lib_a-kf_cos.o)
                0x9d034c98                __kernel_cosf
 .text          0x9d034eb8        0x0 C:\Users\kmorimatsu\Documents\At Home\PIC\PIC32\chipkit\mpide-0150\hardware\pic32\compiler\pic32-tools\pic32mx\lib\libm.a(lib_a-kf_rem_pio2.o)
 .text.__kernel_rem_pio2f
                0x9d034eb8      0xa30 C:\Users\kmorimatsu\Documents\At Home\PIC\PIC32\chipkit\mpide-0150\hardware\pic32\compiler\pic32-tools\pic32mx\lib\libm.a(lib_a-kf_rem_pio2.o)
                0x9d034eb8                __kernel_rem_pio2f
 .text          0x9d0358e8        0x0 C:\Users\kmorimatsu\Documents\At Home\PIC\PIC32\chipkit\mpide-0150\hardware\pic32\compiler\pic32-tools\pic32mx\lib\libm.a(lib_a-kf_sin.o)
 .text.__kernel_sinf
                0x9d0358e8      0x1c4 C:\Users\kmorimatsu\Documents\At Home\PIC\PIC32\chipkit\mpide-0150\hardware\pic32\compiler\pic32-tools\pic32mx\lib\libm.a(lib_a-kf_sin.o)
                0x9d0358e8                __kernel_sinf
 .text          0x9d035aac        0x0 C:\Users\kmorimatsu\Documents\At Home\PIC\PIC32\chipkit\mpide-0150\hardware\pic32\compiler\pic32-tools\pic32mx\lib\libm.a(lib_a-kf_tan.o)
 .text.__kernel_tanf
                0x9d035aac      0x444 C:\Users\kmorimatsu\Documents\At Home\PIC\PIC32\chipkit\mpide-0150\hardware\pic32\compiler\pic32-tools\pic32mx\lib\libm.a(lib_a-kf_tan.o)
                0x9d035aac                __kernel_tanf
 .text          0x9d035ef0        0x0 C:\Users\kmorimatsu\Documents\At Home\PIC\PIC32\chipkit\mpide-0150\hardware\pic32\compiler\pic32-tools\pic32mx\lib\libm.a(lib_a-sf_expm1.o)
 .text.expm1f   0x9d035ef0      0x504 C:\Users\kmorimatsu\Documents\At Home\PIC\PIC32\chipkit\mpide-0150\hardware\pic32\compiler\pic32-tools\pic32mx\lib\libm.a(lib_a-sf_expm1.o)
                0x9d035ef0                expm1f
 .text          0x9d0363f4        0x0 C:\Users\kmorimatsu\Documents\At Home\PIC\PIC32\chipkit\mpide-0150\hardware\pic32\compiler\pic32-tools\pic32mx\lib\libm.a(lib_a-sf_finite.o)
 .text.finitef  0x9d0363f4       0x10 C:\Users\kmorimatsu\Documents\At Home\PIC\PIC32\chipkit\mpide-0150\hardware\pic32\compiler\pic32-tools\pic32mx\lib\libm.a(lib_a-sf_finite.o)
                0x9d0363f4                finitef
 .text          0x9d036404        0x0 C:\Users\kmorimatsu\Documents\At Home\PIC\PIC32\chipkit\mpide-0150\hardware\pic32\compiler\pic32-tools\pic32mx\lib\libm.a(lib_a-sf_fpclassify.o)
 .text.__fpclassifyf
                0x9d036404       0x84 C:\Users\kmorimatsu\Documents\At Home\PIC\PIC32\chipkit\mpide-0150\hardware\pic32\compiler\pic32-tools\pic32mx\lib\libm.a(lib_a-sf_fpclassify.o)
                0x9d036404                __fpclassifyf
 .text          0x9d036488        0x0 C:\Users\kmorimatsu\Documents\At Home\PIC\PIC32\chipkit\mpide-0150\hardware\pic32\compiler\pic32-tools\pic32mx\lib\libm.a(lib_a-sf_nan.o)
 .text.nanf     0x9d036488        0xc C:\Users\kmorimatsu\Documents\At Home\PIC\PIC32\chipkit\mpide-0150\hardware\pic32\compiler\pic32-tools\pic32mx\lib\libm.a(lib_a-sf_nan.o)
                0x9d036488                nanf
 .text          0x9d036494        0x0 C:\Users\kmorimatsu\Documents\At Home\PIC\PIC32\chipkit\mpide-0150\hardware\pic32\compiler\pic32-tools\pic32mx\lib\libm.a(lib_a-sf_scalbn.o)
 .text.scalbnf  0x9d036494      0x12c C:\Users\kmorimatsu\Documents\At Home\PIC\PIC32\chipkit\mpide-0150\hardware\pic32\compiler\pic32-tools\pic32mx\lib\libm.a(lib_a-sf_scalbn.o)
                0x9d036494                scalbnf
 .text          0x9d0365c0        0x0 C:\Users\kmorimatsu\Documents\At Home\PIC\PIC32\chipkit\mpide-0150\hardware\pic32\compiler\pic32-tools\pic32mx\lib\libm.a(lib_a-s_lib_ver.o)
 .text          0x9d0365c0        0x0 C:\Users\kmorimatsu\Documents\At Home\PIC\PIC32\chipkit\mpide-0150\hardware\pic32\compiler\pic32-tools\pic32mx\lib\libm.a(lib_a-s_matherr.o)
 .text.matherr  0x9d0365c0        0x8 C:\Users\kmorimatsu\Documents\At Home\PIC\PIC32\chipkit\mpide-0150\hardware\pic32\compiler\pic32-tools\pic32mx\lib\libm.a(lib_a-s_matherr.o)
                0x9d0365c0                matherr
 .text          0x9d0365c8        0x0 C:\Users\kmorimatsu\Documents\At Home\PIC\PIC32\chipkit\mpide-0150\hardware\pic32\compiler\pic32-tools\pic32mx\lib\libm.a(lib_a-s_nan.o)
 .text.nan      0x9d0365c8       0x14 C:\Users\kmorimatsu\Documents\At Home\PIC\PIC32\chipkit\mpide-0150\hardware\pic32\compiler\pic32-tools\pic32mx\lib\libm.a(lib_a-s_nan.o)
                0x9d0365c8                nan
 .text          0x9d0365dc        0x0 C:\Users\kmorimatsu\Documents\At Home\PIC\PIC32\chipkit\mpide-0150\hardware\pic32\compiler\pic32-tools\pic32mx\lib\libm.a(lib_a-s_rint.o)
 .text.rint     0x9d0365dc      0x1e4 C:\Users\kmorimatsu\Documents\At Home\PIC\PIC32\chipkit\mpide-0150\hardware\pic32\compiler\pic32-tools\pic32mx\lib\libm.a(lib_a-s_rint.o)
                0x9d0365dc                rint
 .text          0x9d0367c0        0x0 C:\Users\kmorimatsu\Documents\At Home\PIC\PIC32\chipkit\mpide-0150\hardware\pic32\compiler\pic32-tools\pic32mx\lib\libm.a(lib_a-sf_copysign.o)
 .text.copysignf
                0x9d0367c0       0x14 C:\Users\kmorimatsu\Documents\At Home\PIC\PIC32\chipkit\mpide-0150\hardware\pic32\compiler\pic32-tools\pic32mx\lib\libm.a(lib_a-sf_copysign.o)
                0x9d0367c0                copysignf
 .text          0x9d0367d4        0x0 C:/Users/kmorimatsu/Documents/At Home/PIC/PIC32/chipkit/mpide-0150/hardware/pic32/compiler/pic32-tools/bin/../lib/gcc/pic32mx/4.5.2/../../../../pic32mx/lib/./proc/32MX350F256H\processor.o
 .text          0x9d0367d4      0x480 C:/Users/kmorimatsu/Documents/At Home/PIC/PIC32/chipkit/mpide-0150/hardware/pic32/compiler/pic32-tools/bin/../lib/gcc/pic32mx/4.5.2\libgcc.a(addsf3.o)
                0x9d0367d4                __addsf3
 .text          0x9d036c54      0x33c C:/Users/kmorimatsu/Documents/At Home/PIC/PIC32/chipkit/mpide-0150/hardware/pic32/compiler/pic32-tools/bin/../lib/gcc/pic32mx/4.5.2\libgcc.a(divsf3.o)
                0x9d036c54                __divsf3
 .text          0x9d036f90       0x68 C:/Users/kmorimatsu/Documents/At Home/PIC/PIC32/chipkit/mpide-0150/hardware/pic32/compiler/pic32-tools/bin/../lib/gcc/pic32mx/4.5.2\libgcc.a(eqsf2.o)
                0x9d036f90                __eqsf2
                0x9d036f90                __nesf2
 .text          0x9d036ff8       0xd0 C:/Users/kmorimatsu/Documents/At Home/PIC/PIC32/chipkit/mpide-0150/hardware/pic32/compiler/pic32-tools/bin/../lib/gcc/pic32mx/4.5.2\libgcc.a(gesf2.o)
                0x9d036ff8                __gesf2
                0x9d036ff8                __gtsf2
 .text          0x9d0370c8       0xd0 C:/Users/kmorimatsu/Documents/At Home/PIC/PIC32/chipkit/mpide-0150/hardware/pic32/compiler/pic32-tools/bin/../lib/gcc/pic32mx/4.5.2\libgcc.a(lesf2.o)
                0x9d0370c8                __ltsf2
                0x9d0370c8                __lesf2
 .text          0x9d037198      0x298 C:/Users/kmorimatsu/Documents/At Home/PIC/PIC32/chipkit/mpide-0150/hardware/pic32/compiler/pic32-tools/bin/../lib/gcc/pic32mx/4.5.2\libgcc.a(mulsf3.o)
                0x9d037198                __mulsf3
 .text          0x9d037430      0x494 C:/Users/kmorimatsu/Documents/At Home/PIC/PIC32/chipkit/mpide-0150/hardware/pic32/compiler/pic32-tools/bin/../lib/gcc/pic32mx/4.5.2\libgcc.a(subsf3.o)
                0x9d037430                __subsf3
 .text          0x9d0378c4       0x68 C:/Users/kmorimatsu/Documents/At Home/PIC/PIC32/chipkit/mpide-0150/hardware/pic32/compiler/pic32-tools/bin/../lib/gcc/pic32mx/4.5.2\libgcc.a(fixsfsi.o)
                0x9d0378c4                __fixsfsi
 .text          0x9d03792c       0xf4 C:/Users/kmorimatsu/Documents/At Home/PIC/PIC32/chipkit/mpide-0150/hardware/pic32/compiler/pic32-tools/bin/../lib/gcc/pic32mx/4.5.2\libgcc.a(floatsisf.o)
                0x9d03792c                __floatsisf
 .text          0x9d037a20      0x7bc C:/Users/kmorimatsu/Documents/At Home/PIC/PIC32/chipkit/mpide-0150/hardware/pic32/compiler/pic32-tools/bin/../lib/gcc/pic32mx/4.5.2\libgcc.a(adddf3.o)
                0x9d037a20                __adddf3
 .text          0x9d0381dc      0x684 C:/Users/kmorimatsu/Documents/At Home/PIC/PIC32/chipkit/mpide-0150/hardware/pic32/compiler/pic32-tools/bin/../lib/gcc/pic32mx/4.5.2\libgcc.a(divdf3.o)
                0x9d0381dc                __divdf3
 .text          0x9d038860       0x78 C:/Users/kmorimatsu/Documents/At Home/PIC/PIC32/chipkit/mpide-0150/hardware/pic32/compiler/pic32-tools/bin/../lib/gcc/pic32mx/4.5.2\libgcc.a(eqdf2.o)
                0x9d038860                __nedf2
                0x9d038860                __eqdf2
 .text          0x9d0388d8      0x7d4 C:/Users/kmorimatsu/Documents/At Home/PIC/PIC32/chipkit/mpide-0150/hardware/pic32/compiler/pic32-tools/bin/../lib/gcc/pic32mx/4.5.2\libgcc.a(subdf3.o)
                0x9d0388d8                __subdf3
 .text          0x9d0390ac       0xb8 C:/Users/kmorimatsu/Documents/At Home/PIC/PIC32/chipkit/mpide-0150/hardware/pic32/compiler/pic32-tools/bin/../lib/gcc/pic32mx/4.5.2\libgcc.a(extendsfdf2.o)
                0x9d0390ac                __extendsfdf2
 .text          0x9d039164      0x178 C:/Users/kmorimatsu/Documents/At Home/PIC/PIC32/chipkit/mpide-0150/hardware/pic32/compiler/pic32-tools/bin/../lib/gcc/pic32mx/4.5.2\libgcc.a(truncdfsf2.o)
                0x9d039164                __truncdfsf2
 .text          0x9d0392dc        0x0 C:/Users/kmorimatsu/Documents/At Home/PIC/PIC32/chipkit/mpide-0150/hardware/pic32/compiler/pic32-tools/bin/../lib/gcc/pic32mx/4.5.2/../../../../pic32mx/lib\libc.a(lib_a-errno.o)
 .text.__errno  0x9d0392dc        0x8 C:/Users/kmorimatsu/Documents/At Home/PIC/PIC32/chipkit/mpide-0150/hardware/pic32/compiler/pic32-tools/bin/../lib/gcc/pic32mx/4.5.2/../../../../pic32mx/lib\libc.a(lib_a-errno.o)
                0x9d0392dc                __errno
 .text          0x9d0392e4        0x0 C:/Users/kmorimatsu/Documents/At Home/PIC/PIC32/chipkit/mpide-0150/hardware/pic32/compiler/pic32-tools/bin/../lib/gcc/pic32mx/4.5.2/../../../../pic32mx/lib\libc.a(lib_a-impure.o)
 .text          0x9d0392e4        0x0 C:/Users/kmorimatsu/Documents/At Home/PIC/PIC32/chipkit/mpide-0150/hardware/pic32/compiler/pic32-tools/bin/../lib/gcc/pic32mx/4.5.2/../../../../pic32mx/lib\libc.a(lib_a-snprintf.o)
 .text._snprintf_r
                0x9d0392e4       0x9c C:/Users/kmorimatsu/Documents/At Home/PIC/PIC32/chipkit/mpide-0150/hardware/pic32/compiler/pic32-tools/bin/../lib/gcc/pic32mx/4.5.2/../../../../pic32mx/lib\libc.a(lib_a-snprintf.o)
                0x9d0392e4                _snprintf_r
 .text.snprintf
                0x9d039380       0x9c C:/Users/kmorimatsu/Documents/At Home/PIC/PIC32/chipkit/mpide-0150/hardware/pic32/compiler/pic32-tools/bin/../lib/gcc/pic32mx/4.5.2/../../../../pic32mx/lib\libc.a(lib_a-snprintf.o)
                0x9d039380                snprintf
 .text          0x9d03941c        0x0 C:/Users/kmorimatsu/Documents/At Home/PIC/PIC32/chipkit/mpide-0150/hardware/pic32/compiler/pic32-tools/bin/../lib/gcc/pic32mx/4.5.2/../../../../pic32mx/lib\libc.a(lib_a-strtod.o)
 .text.match    0x9d03941c       0x48 C:/Users/kmorimatsu/Documents/At Home/PIC/PIC32/chipkit/mpide-0150/hardware/pic32/compiler/pic32-tools/bin/../lib/gcc/pic32mx/4.5.2/../../../../pic32mx/lib\libc.a(lib_a-strtod.o)
 .text._strtod_r
                0x9d039464     0x1304 C:/Users/kmorimatsu/Documents/At Home/PIC/PIC32/chipkit/mpide-0150/hardware/pic32/compiler/pic32-tools/bin/../lib/gcc/pic32mx/4.5.2/../../../../pic32mx/lib\libc.a(lib_a-strtod.o)
                0x9d039464                _strtod_r
 .text.strtod   0x9d03a768       0x14 C:/Users/kmorimatsu/Documents/At Home/PIC/PIC32/chipkit/mpide-0150/hardware/pic32/compiler/pic32-tools/bin/../lib/gcc/pic32mx/4.5.2/../../../../pic32mx/lib\libc.a(lib_a-strtod.o)
                0x9d03a768                strtod
 .text.strtof   0x9d03a77c       0x74 C:/Users/kmorimatsu/Documents/At Home/PIC/PIC32/chipkit/mpide-0150/hardware/pic32/compiler/pic32-tools/bin/../lib/gcc/pic32mx/4.5.2/../../../../pic32mx/lib\libc.a(lib_a-strtod.o)
                0x9d03a77c                strtof
 .text          0x9d03a7f0        0x0 C:/Users/kmorimatsu/Documents/At Home/PIC/PIC32/chipkit/mpide-0150/hardware/pic32/compiler/pic32-tools/bin/../lib/gcc/pic32mx/4.5.2/../../../../pic32mx/lib\libc.a(lib_a-svfprintf.o)
 .text._svfprintf_r
                0x9d03a7f0     0x1a28 C:/Users/kmorimatsu/Documents/At Home/PIC/PIC32/chipkit/mpide-0150/hardware/pic32/compiler/pic32-tools/bin/../lib/gcc/pic32mx/4.5.2/../../../../pic32mx/lib\libc.a(lib_a-svfprintf.o)
                0x9d03a7f0                _svfprintf_r
 .text          0x9d03c218        0x0 C:/Users/kmorimatsu/Documents/At Home/PIC/PIC32/chipkit/mpide-0150/hardware/pic32/compiler/pic32-tools/bin/../lib/gcc/pic32mx/4.5.2/../../../../pic32mx/lib\libc.a(lib_a-dtoa.o)
 .text.quorem   0x9d03c218      0x204 C:/Users/kmorimatsu/Documents/At Home/PIC/PIC32/chipkit/mpide-0150/hardware/pic32/compiler/pic32-tools/bin/../lib/gcc/pic32mx/4.5.2/../../../../pic32mx/lib\libc.a(lib_a-dtoa.o)
 .text._dtoa_r  0x9d03c41c     0x1350 C:/Users/kmorimatsu/Documents/At Home/PIC/PIC32/chipkit/mpide-0150/hardware/pic32/compiler/pic32-tools/bin/../lib/gcc/pic32mx/4.5.2/../../../../pic32mx/lib\libc.a(lib_a-dtoa.o)
                0x9d03c41c                _dtoa_r
 .text          0x9d03d76c        0x0 C:/Users/kmorimatsu/Documents/At Home/PIC/PIC32/chipkit/mpide-0150/hardware/pic32/compiler/pic32-tools/bin/../lib/gcc/pic32mx/4.5.2/../../../../pic32mx/lib\libc.a(lib_a-gdtoa-gethex.o)
 .text.rshift   0x9d03d76c       0xbc C:/Users/kmorimatsu/Documents/At Home/PIC/PIC32/chipkit/mpide-0150/hardware/pic32/compiler/pic32-tools/bin/../lib/gcc/pic32mx/4.5.2/../../../../pic32mx/lib\libc.a(lib_a-gdtoa-gethex.o)
 .text.htinit.clone.0
                0x9d03d828       0x34 C:/Users/kmorimatsu/Documents/At Home/PIC/PIC32/chipkit/mpide-0150/hardware/pic32/compiler/pic32-tools/bin/../lib/gcc/pic32mx/4.5.2/../../../../pic32mx/lib\libc.a(lib_a-gdtoa-gethex.o)
 .text.__hexdig_init
                0x9d03d85c       0x40 C:/Users/kmorimatsu/Documents/At Home/PIC/PIC32/chipkit/mpide-0150/hardware/pic32/compiler/pic32-tools/bin/../lib/gcc/pic32mx/4.5.2/../../../../pic32mx/lib\libc.a(lib_a-gdtoa-gethex.o)
                0x9d03d85c                __hexdig_init
 .text.__gethex
                0x9d03d89c      0x7a8 C:/Users/kmorimatsu/Documents/At Home/PIC/PIC32/chipkit/mpide-0150/hardware/pic32/compiler/pic32-tools/bin/../lib/gcc/pic32mx/4.5.2/../../../../pic32mx/lib\libc.a(lib_a-gdtoa-gethex.o)
                0x9d03d89c                __gethex
 .text          0x9d03e044        0x0 C:/Users/kmorimatsu/Documents/At Home/PIC/PIC32/chipkit/mpide-0150/hardware/pic32/compiler/pic32-tools/bin/../lib/gcc/pic32mx/4.5.2/../../../../pic32mx/lib\libc.a(lib_a-gdtoa-hexnan.o)
 .text.L_shift  0x9d03e044       0x44 C:/Users/kmorimatsu/Documents/At Home/PIC/PIC32/chipkit/mpide-0150/hardware/pic32/compiler/pic32-tools/bin/../lib/gcc/pic32mx/4.5.2/../../../../pic32mx/lib\libc.a(lib_a-gdtoa-hexnan.o)
 .text.__hexnan
                0x9d03e088      0x248 C:/Users/kmorimatsu/Documents/At Home/PIC/PIC32/chipkit/mpide-0150/hardware/pic32/compiler/pic32-tools/bin/../lib/gcc/pic32mx/4.5.2/../../../../pic32mx/lib\libc.a(lib_a-gdtoa-hexnan.o)
                0x9d03e088                __hexnan
 .text          0x9d03e2d0        0x0 C:/Users/kmorimatsu/Documents/At Home/PIC/PIC32/chipkit/mpide-0150/hardware/pic32/compiler/pic32-tools/bin/../lib/gcc/pic32mx/4.5.2/../../../../pic32mx/lib\libc.a(lib_a-locale.o)
 .text._setlocale_r
                0x9d03e2d0       0x78 C:/Users/kmorimatsu/Documents/At Home/PIC/PIC32/chipkit/mpide-0150/hardware/pic32/compiler/pic32-tools/bin/../lib/gcc/pic32mx/4.5.2/../../../../pic32mx/lib\libc.a(lib_a-locale.o)
                0x9d03e2d0                _setlocale_r
 .text.__locale_charset
                0x9d03e348        0xc C:/Users/kmorimatsu/Documents/At Home/PIC/PIC32/chipkit/mpide-0150/hardware/pic32/compiler/pic32-tools/bin/../lib/gcc/pic32mx/4.5.2/../../../../pic32mx/lib\libc.a(lib_a-locale.o)
                0x9d03e348                __locale_charset
 .text.__locale_mb_cur_max
                0x9d03e354        0x8 C:/Users/kmorimatsu/Documents/At Home/PIC/PIC32/chipkit/mpide-0150/hardware/pic32/compiler/pic32-tools/bin/../lib/gcc/pic32mx/4.5.2/../../../../pic32mx/lib\libc.a(lib_a-locale.o)
                0x9d03e354                __locale_mb_cur_max
 .text.__locale_msgcharset
                0x9d03e35c        0xc C:/Users/kmorimatsu/Documents/At Home/PIC/PIC32/chipkit/mpide-0150/hardware/pic32/compiler/pic32-tools/bin/../lib/gcc/pic32mx/4.5.2/../../../../pic32mx/lib\libc.a(lib_a-locale.o)
                0x9d03e35c                __locale_msgcharset
 .text.__locale_cjk_lang
                0x9d03e368        0x8 C:/Users/kmorimatsu/Documents/At Home/PIC/PIC32/chipkit/mpide-0150/hardware/pic32/compiler/pic32-tools/bin/../lib/gcc/pic32mx/4.5.2/../../../../pic32mx/lib\libc.a(lib_a-locale.o)
                0x9d03e368                __locale_cjk_lang
 .text._localeconv_r
                0x9d03e370        0xc C:/Users/kmorimatsu/Documents/At Home/PIC/PIC32/chipkit/mpide-0150/hardware/pic32/compiler/pic32-tools/bin/../lib/gcc/pic32mx/4.5.2/../../../../pic32mx/lib\libc.a(lib_a-locale.o)
                0x9d03e370                _localeconv_r
 .text.setlocale
                0x9d03e37c       0x14 C:/Users/kmorimatsu/Documents/At Home/PIC/PIC32/chipkit/mpide-0150/hardware/pic32/compiler/pic32-tools/bin/../lib/gcc/pic32mx/4.5.2/../../../../pic32mx/lib\libc.a(lib_a-locale.o)
                0x9d03e37c                setlocale
 .text.localeconv
                0x9d03e390        0xc C:/Users/kmorimatsu/Documents/At Home/PIC/PIC32/chipkit/mpide-0150/hardware/pic32/compiler/pic32-tools/bin/../lib/gcc/pic32mx/4.5.2/../../../../pic32mx/lib\libc.a(lib_a-locale.o)
                0x9d03e390                localeconv
 .text          0x9d03e39c        0x0 C:/Users/kmorimatsu/Documents/At Home/PIC/PIC32/chipkit/mpide-0150/hardware/pic32/compiler/pic32-tools/bin/../lib/gcc/pic32mx/4.5.2/../../../../pic32mx/lib\libc.a(lib_a-mallocr.o)
 .text._malloc_r
                0x9d03e39c      0x664 C:/Users/kmorimatsu/Documents/At Home/PIC/PIC32/chipkit/mpide-0150/hardware/pic32/compiler/pic32-tools/bin/../lib/gcc/pic32mx/4.5.2/../../../../pic32mx/lib\libc.a(lib_a-mallocr.o)
                0x9d03e39c                _malloc_r
 .text          0x9d03ea00        0x0 C:/Users/kmorimatsu/Documents/At Home/PIC/PIC32/chipkit/mpide-0150/hardware/pic32/compiler/pic32-tools/bin/../lib/gcc/pic32mx/4.5.2/../../../../pic32mx/lib\libc.a(lib_a-memchr.o)
 .text.memchr   0x9d03ea00       0x30 C:/Users/kmorimatsu/Documents/At Home/PIC/PIC32/chipkit/mpide-0150/hardware/pic32/compiler/pic32-tools/bin/../lib/gcc/pic32mx/4.5.2/../../../../pic32mx/lib\libc.a(lib_a-memchr.o)
                0x9d03ea00                memchr
 .text          0x9d03ea30        0x0 C:/Users/kmorimatsu/Documents/At Home/PIC/PIC32/chipkit/mpide-0150/hardware/pic32/compiler/pic32-tools/bin/../lib/gcc/pic32mx/4.5.2/../../../../pic32mx/lib\libc.a(lib_a-memcpy.o)
 .text.memcpy   0x9d03ea30       0x30 C:/Users/kmorimatsu/Documents/At Home/PIC/PIC32/chipkit/mpide-0150/hardware/pic32/compiler/pic32-tools/bin/../lib/gcc/pic32mx/4.5.2/../../../../pic32mx/lib\libc.a(lib_a-memcpy.o)
                0x9d03ea30                memcpy
 .text          0x9d03ea60        0x0 C:/Users/kmorimatsu/Documents/At Home/PIC/PIC32/chipkit/mpide-0150/hardware/pic32/compiler/pic32-tools/bin/../lib/gcc/pic32mx/4.5.2/../../../../pic32mx/lib\libc.a(lib_a-mlock.o)
 .text.__malloc_lock
                0x9d03ea60        0x8 C:/Users/kmorimatsu/Documents/At Home/PIC/PIC32/chipkit/mpide-0150/hardware/pic32/compiler/pic32-tools/bin/../lib/gcc/pic32mx/4.5.2/../../../../pic32mx/lib\libc.a(lib_a-mlock.o)
                0x9d03ea60                __malloc_lock
 .text.__malloc_unlock
                0x9d03ea68        0x8 C:/Users/kmorimatsu/Documents/At Home/PIC/PIC32/chipkit/mpide-0150/hardware/pic32/compiler/pic32-tools/bin/../lib/gcc/pic32mx/4.5.2/../../../../pic32mx/lib\libc.a(lib_a-mlock.o)
                0x9d03ea68                __malloc_unlock
 .text          0x9d03ea70        0x0 C:/Users/kmorimatsu/Documents/At Home/PIC/PIC32/chipkit/mpide-0150/hardware/pic32/compiler/pic32-tools/bin/../lib/gcc/pic32mx/4.5.2/../../../../pic32mx/lib\libc.a(lib_a-mprec.o)
 .text._Balloc  0x9d03ea70       0xac C:/Users/kmorimatsu/Documents/At Home/PIC/PIC32/chipkit/mpide-0150/hardware/pic32/compiler/pic32-tools/bin/../lib/gcc/pic32mx/4.5.2/../../../../pic32mx/lib\libc.a(lib_a-mprec.o)
                0x9d03ea70                _Balloc
 .text._Bfree   0x9d03eb1c       0x2c C:/Users/kmorimatsu/Documents/At Home/PIC/PIC32/chipkit/mpide-0150/hardware/pic32/compiler/pic32-tools/bin/../lib/gcc/pic32mx/4.5.2/../../../../pic32mx/lib\libc.a(lib_a-mprec.o)
                0x9d03eb1c                _Bfree
 .text.__multadd
                0x9d03eb48      0x104 C:/Users/kmorimatsu/Documents/At Home/PIC/PIC32/chipkit/mpide-0150/hardware/pic32/compiler/pic32-tools/bin/../lib/gcc/pic32mx/4.5.2/../../../../pic32mx/lib\libc.a(lib_a-mprec.o)
                0x9d03eb48                __multadd
 .text.__s2b    0x9d03ec4c      0x114 C:/Users/kmorimatsu/Documents/At Home/PIC/PIC32/chipkit/mpide-0150/hardware/pic32/compiler/pic32-tools/bin/../lib/gcc/pic32mx/4.5.2/../../../../pic32mx/lib\libc.a(lib_a-mprec.o)
                0x9d03ec4c                __s2b
 .text.__hi0bits
                0x9d03ed60       0x78 C:/Users/kmorimatsu/Documents/At Home/PIC/PIC32/chipkit/mpide-0150/hardware/pic32/compiler/pic32-tools/bin/../lib/gcc/pic32mx/4.5.2/../../../../pic32mx/lib\libc.a(lib_a-mprec.o)
                0x9d03ed60                __hi0bits
 .text.__lo0bits
                0x9d03edd8       0xb8 C:/Users/kmorimatsu/Documents/At Home/PIC/PIC32/chipkit/mpide-0150/hardware/pic32/compiler/pic32-tools/bin/../lib/gcc/pic32mx/4.5.2/../../../../pic32mx/lib\libc.a(lib_a-mprec.o)
                0x9d03edd8                __lo0bits
 .text.__i2b    0x9d03ee90       0x34 C:/Users/kmorimatsu/Documents/At Home/PIC/PIC32/chipkit/mpide-0150/hardware/pic32/compiler/pic32-tools/bin/../lib/gcc/pic32mx/4.5.2/../../../../pic32mx/lib\libc.a(lib_a-mprec.o)
                0x9d03ee90                __i2b
 .text.__multiply
                0x9d03eec4      0x1e4 C:/Users/kmorimatsu/Documents/At Home/PIC/PIC32/chipkit/mpide-0150/hardware/pic32/compiler/pic32-tools/bin/../lib/gcc/pic32mx/4.5.2/../../../../pic32mx/lib\libc.a(lib_a-mprec.o)
                0x9d03eec4                __multiply
 .text.__pow5mult
                0x9d03f0a8      0x10c C:/Users/kmorimatsu/Documents/At Home/PIC/PIC32/chipkit/mpide-0150/hardware/pic32/compiler/pic32-tools/bin/../lib/gcc/pic32mx/4.5.2/../../../../pic32mx/lib\libc.a(lib_a-mprec.o)
                0x9d03f0a8                __pow5mult
 .text.__lshift
                0x9d03f1b4      0x130 C:/Users/kmorimatsu/Documents/At Home/PIC/PIC32/chipkit/mpide-0150/hardware/pic32/compiler/pic32-tools/bin/../lib/gcc/pic32mx/4.5.2/../../../../pic32mx/lib\libc.a(lib_a-mprec.o)
                0x9d03f1b4                __lshift
 .text.__mcmp   0x9d03f2e4       0x68 C:/Users/kmorimatsu/Documents/At Home/PIC/PIC32/chipkit/mpide-0150/hardware/pic32/compiler/pic32-tools/bin/../lib/gcc/pic32mx/4.5.2/../../../../pic32mx/lib\libc.a(lib_a-mprec.o)
                0x9d03f2e4                __mcmp
 .text.__mdiff  0x9d03f34c      0x180 C:/Users/kmorimatsu/Documents/At Home/PIC/PIC32/chipkit/mpide-0150/hardware/pic32/compiler/pic32-tools/bin/../lib/gcc/pic32mx/4.5.2/../../../../pic32mx/lib\libc.a(lib_a-mprec.o)
                0x9d03f34c                __mdiff
 .text.__ulp    0x9d03f4cc       0x64 C:/Users/kmorimatsu/Documents/At Home/PIC/PIC32/chipkit/mpide-0150/hardware/pic32/compiler/pic32-tools/bin/../lib/gcc/pic32mx/4.5.2/../../../../pic32mx/lib\libc.a(lib_a-mprec.o)
                0x9d03f4cc                __ulp
 .text.__b2d    0x9d03f530      0x110 C:/Users/kmorimatsu/Documents/At Home/PIC/PIC32/chipkit/mpide-0150/hardware/pic32/compiler/pic32-tools/bin/../lib/gcc/pic32mx/4.5.2/../../../../pic32mx/lib\libc.a(lib_a-mprec.o)
                0x9d03f530                __b2d
 .text.__d2b    0x9d03f640      0x138 C:/Users/kmorimatsu/Documents/At Home/PIC/PIC32/chipkit/mpide-0150/hardware/pic32/compiler/pic32-tools/bin/../lib/gcc/pic32mx/4.5.2/../../../../pic32mx/lib\libc.a(lib_a-mprec.o)
                0x9d03f640                __d2b
 .text.__ratio  0x9d03f778       0xa0 C:/Users/kmorimatsu/Documents/At Home/PIC/PIC32/chipkit/mpide-0150/hardware/pic32/compiler/pic32-tools/bin/../lib/gcc/pic32mx/4.5.2/../../../../pic32mx/lib\libc.a(lib_a-mprec.o)
                0x9d03f778                __ratio
 .text._mprec_log10
                0x9d03f818       0x8c C:/Users/kmorimatsu/Documents/At Home/PIC/PIC32/chipkit/mpide-0150/hardware/pic32/compiler/pic32-tools/bin/../lib/gcc/pic32mx/4.5.2/../../../../pic32mx/lib\libc.a(lib_a-mprec.o)
                0x9d03f818                _mprec_log10
 .text.__copybits
                0x9d03f8a4       0x68 C:/Users/kmorimatsu/Documents/At Home/PIC/PIC32/chipkit/mpide-0150/hardware/pic32/compiler/pic32-tools/bin/../lib/gcc/pic32mx/4.5.2/../../../../pic32mx/lib\libc.a(lib_a-mprec.o)
                0x9d03f8a4                __copybits
 .text.__any_on
                0x9d03f90c       0x90 C:/Users/kmorimatsu/Documents/At Home/PIC/PIC32/chipkit/mpide-0150/hardware/pic32/compiler/pic32-tools/bin/../lib/gcc/pic32mx/4.5.2/../../../../pic32mx/lib\libc.a(lib_a-mprec.o)
                0x9d03f90c                __any_on
 .text          0x9d03f99c        0x0 C:/Users/kmorimatsu/Documents/At Home/PIC/PIC32/chipkit/mpide-0150/hardware/pic32/compiler/pic32-tools/bin/../lib/gcc/pic32mx/4.5.2/../../../../pic32mx/lib\libc.a(lib_a-sbrkr.o)
 .text._sbrk_r  0x9d03f99c       0x44 C:/Users/kmorimatsu/Documents/At Home/PIC/PIC32/chipkit/mpide-0150/hardware/pic32/compiler/pic32-tools/bin/../lib/gcc/pic32mx/4.5.2/../../../../pic32mx/lib\libc.a(lib_a-sbrkr.o)
                0x9d03f99c                _sbrk_r
 .text          0x9d03f9e0        0x0 C:/Users/kmorimatsu/Documents/At Home/PIC/PIC32/chipkit/mpide-0150/hardware/pic32/compiler/pic32-tools/bin/../lib/gcc/pic32mx/4.5.2/../../../../pic32mx/lib\libc.a(lib_a-s_fpclassify.o)
 .text.__fpclassifyd
                0x9d03f9e0       0x84 C:/Users/kmorimatsu/Documents/At Home/PIC/PIC32/chipkit/mpide-0150/hardware/pic32/compiler/pic32-tools/bin/../lib/gcc/pic32mx/4.5.2/../../../../pic32mx/lib\libc.a(lib_a-s_fpclassify.o)
                0x9d03f9e0                __fpclassifyd
 .text          0x9d03fa64        0x0 C:/Users/kmorimatsu/Documents/At Home/PIC/PIC32/chipkit/mpide-0150/hardware/pic32/compiler/pic32-tools/bin/../lib/gcc/pic32mx/4.5.2/../../../../pic32mx/lib\libc.a(lib_a-strcmp.o)
 .text.strcmp   0x9d03fa64       0x64 C:/Users/kmorimatsu/Documents/At Home/PIC/PIC32/chipkit/mpide-0150/hardware/pic32/compiler/pic32-tools/bin/../lib/gcc/pic32mx/4.5.2/../../../../pic32mx/lib\libc.a(lib_a-strcmp.o)
                0x9d03fa64                strcmp
 .text          0x9d03fac8       0x18 C:/Users/kmorimatsu/Documents/At Home/PIC/PIC32/chipkit/mpide-0150/hardware/pic32/compiler/pic32-tools/bin/../lib/gcc/pic32mx/4.5.2/../../../../pic32mx/lib\libc.a(lib_a-strlen.o)
                0x9d03fac8                strlen
 .text          0x9d03fae0        0x0 C:/Users/kmorimatsu/Documents/At Home/PIC/PIC32/chipkit/mpide-0150/hardware/pic32/compiler/pic32-tools/bin/../lib/gcc/pic32mx/4.5.2/../../../../pic32mx/lib\libc.a(lib_a-svfiprintf.o)
 .text.__ssprint_r
                0x9d03fae0      0x204 C:/Users/kmorimatsu/Documents/At Home/PIC/PIC32/chipkit/mpide-0150/hardware/pic32/compiler/pic32-tools/bin/../lib/gcc/pic32mx/4.5.2/../../../../pic32mx/lib\libc.a(lib_a-svfiprintf.o)
                0x9d03fae0                __ssprint_r
 .text._svfiprintf_r
                0x9d03fce4      0xd00 C:/Users/kmorimatsu/Documents/At Home/PIC/PIC32/chipkit/mpide-0150/hardware/pic32/compiler/pic32-tools/bin/../lib/gcc/pic32mx/4.5.2/../../../../pic32mx/lib\libc.a(lib_a-svfiprintf.o)
                0x9d03fce4                _svfiprintf_r
 .text          0x9d0409e4        0x0 C:/Users/kmorimatsu/Documents/At Home/PIC/PIC32/chipkit/mpide-0150/hardware/pic32/compiler/pic32-tools/bin/../lib/gcc/pic32mx/4.5.2/../../../../pic32mx/lib\libc.a(lib_a-callocr.o)
 .text._calloc_r
                0x9d0409e4       0xa4 C:/Users/kmorimatsu/Documents/At Home/PIC/PIC32/chipkit/mpide-0150/hardware/pic32/compiler/pic32-tools/bin/../lib/gcc/pic32mx/4.5.2/../../../../pic32mx/lib\libc.a(lib_a-callocr.o)
                0x9d0409e4                _calloc_r
 .text          0x9d040a88        0x0 C:/Users/kmorimatsu/Documents/At Home/PIC/PIC32/chipkit/mpide-0150/hardware/pic32/compiler/pic32-tools/bin/../lib/gcc/pic32mx/4.5.2/../../../../pic32mx/lib\libc.a(lib_a-freer.o)
 .text._malloc_trim_r
                0x9d040a88      0x11c C:/Users/kmorimatsu/Documents/At Home/PIC/PIC32/chipkit/mpide-0150/hardware/pic32/compiler/pic32-tools/bin/../lib/gcc/pic32mx/4.5.2/../../../../pic32mx/lib\libc.a(lib_a-freer.o)
                0x9d040a88                _malloc_trim_r
 .text._free_r  0x9d040ba4      0x270 C:/Users/kmorimatsu/Documents/At Home/PIC/PIC32/chipkit/mpide-0150/hardware/pic32/compiler/pic32-tools/bin/../lib/gcc/pic32mx/4.5.2/../../../../pic32mx/lib\libc.a(lib_a-freer.o)
                0x9d040ba4                _free_r
 .text          0x9d040e14        0x0 C:/Users/kmorimatsu/Documents/At Home/PIC/PIC32/chipkit/mpide-0150/hardware/pic32/compiler/pic32-tools/bin/../lib/gcc/pic32mx/4.5.2/../../../../pic32mx/lib\libc.a(lib_a-memmove.o)
 .text.memmove  0x9d040e14       0x78 C:/Users/kmorimatsu/Documents/At Home/PIC/PIC32/chipkit/mpide-0150/hardware/pic32/compiler/pic32-tools/bin/../lib/gcc/pic32mx/4.5.2/../../../../pic32mx/lib\libc.a(lib_a-memmove.o)
                0x9d040e14                memmove
 .text          0x9d040e8c        0x0 C:/Users/kmorimatsu/Documents/At Home/PIC/PIC32/chipkit/mpide-0150/hardware/pic32/compiler/pic32-tools/bin/../lib/gcc/pic32mx/4.5.2/../../../../pic32mx/lib\libc.a(lib_a-memset.o)
 .text.memset   0x9d040e8c       0x28 C:/Users/kmorimatsu/Documents/At Home/PIC/PIC32/chipkit/mpide-0150/hardware/pic32/compiler/pic32-tools/bin/../lib/gcc/pic32mx/4.5.2/../../../../pic32mx/lib\libc.a(lib_a-memset.o)
                0x9d040e8c                memset
 .text          0x9d040eb4        0x0 C:/Users/kmorimatsu/Documents/At Home/PIC/PIC32/chipkit/mpide-0150/hardware/pic32/compiler/pic32-tools/bin/../lib/gcc/pic32mx/4.5.2/../../../../pic32mx/lib\libc.a(lib_a-reallocr.o)
 .text._realloc_r
                0x9d040eb4      0x514 C:/Users/kmorimatsu/Documents/At Home/PIC/PIC32/chipkit/mpide-0150/hardware/pic32/compiler/pic32-tools/bin/../lib/gcc/pic32mx/4.5.2/../../../../pic32mx/lib\libc.a(lib_a-reallocr.o)
                0x9d040eb4                _realloc_r
 .text          0x9d0413c8        0x0 C:/Users/kmorimatsu/Documents/At Home/PIC/PIC32/chipkit/mpide-0150/hardware/pic32/compiler/pic32-tools/bin/../lib/gcc/pic32mx/4.5.2/../../../../pic32mx/lib\libc.a(lib_a-reent.o)
 .text.cleanup_glue
                0x9d0413c8       0x44 C:/Users/kmorimatsu/Documents/At Home/PIC/PIC32/chipkit/mpide-0150/hardware/pic32/compiler/pic32-tools/bin/../lib/gcc/pic32mx/4.5.2/../../../../pic32mx/lib\libc.a(lib_a-reent.o)
                0x9d0413c8                cleanup_glue
 .text._reclaim_reent
                0x9d04140c      0x12c C:/Users/kmorimatsu/Documents/At Home/PIC/PIC32/chipkit/mpide-0150/hardware/pic32/compiler/pic32-tools/bin/../lib/gcc/pic32mx/4.5.2/../../../../pic32mx/lib\libc.a(lib_a-reent.o)
                0x9d04140c                _reclaim_reent
 .text._wrapup_reent
                0x9d041538       0x9c C:/Users/kmorimatsu/Documents/At Home/PIC/PIC32/chipkit/mpide-0150/hardware/pic32/compiler/pic32-tools/bin/../lib/gcc/pic32mx/4.5.2/../../../../pic32mx/lib\libc.a(lib_a-reent.o)
                0x9d041538                _wrapup_reent
 .text          0x9d0415d4        0x0 C:/Users/kmorimatsu/Documents/At Home/PIC/PIC32/chipkit/mpide-0150/hardware/pic32/compiler/pic32-tools/bin/../lib/gcc/pic32mx/4.5.2/../../../../pic32mx/lib\libpic32.a(general-exception.o)
 .text.general_exception
                0x9d0415d4       0xdc C:/Users/kmorimatsu/Documents/At Home/PIC/PIC32/chipkit/mpide-0150/hardware/pic32/compiler/pic32-tools/bin/../lib/gcc/pic32mx/4.5.2/../../../../pic32mx/lib\libpic32.a(general-exception.o)
                0x9d0415d4                _general_exception_context
 .text          0x9d0416b0        0x0 C:/Users/kmorimatsu/Documents/At Home/PIC/PIC32/chipkit/mpide-0150/hardware/pic32/compiler/pic32-tools/bin/../lib/gcc/pic32mx/4.5.2/../../../../pic32mx/lib\libpic32.a(sbrk.o)
 .text.getpagesize
                0x9d0416b0        0x8 C:/Users/kmorimatsu/Documents/At Home/PIC/PIC32/chipkit/mpide-0150/hardware/pic32/compiler/pic32-tools/bin/../lib/gcc/pic32mx/4.5.2/../../../../pic32mx/lib\libpic32.a(sbrk.o)
                0x9d0416b0                getpagesize
 .text._stub_sbd_memlayout
                0x9d0416b8       0x2c C:/Users/kmorimatsu/Documents/At Home/PIC/PIC32/chipkit/mpide-0150/hardware/pic32/compiler/pic32-tools/bin/../lib/gcc/pic32mx/4.5.2/../../../../pic32mx/lib\libpic32.a(sbrk.o)
                0x9d0416b8                _sbd_memlayout
                0x9d0416b8                _stub_sbd_memlayout
 .text._sbrk_init
                0x9d0416e4      0x194 C:/Users/kmorimatsu/Documents/At Home/PIC/PIC32/chipkit/mpide-0150/hardware/pic32/compiler/pic32-tools/bin/../lib/gcc/pic32mx/4.5.2/../../../../pic32mx/lib\libpic32.a(sbrk.o)
                0x9d0416e4                _sbrk_init
 .text._sbrk    0x9d041878       0xc4 C:/Users/kmorimatsu/Documents/At Home/PIC/PIC32/chipkit/mpide-0150/hardware/pic32/compiler/pic32-tools/bin/../lib/gcc/pic32mx/4.5.2/../../../../pic32mx/lib\libpic32.a(sbrk.o)
                0x9d041878                _sbrk
 .text.sbrk     0x9d04193c       0x50 C:/Users/kmorimatsu/Documents/At Home/PIC/PIC32/chipkit/mpide-0150/hardware/pic32/compiler/pic32-tools/bin/../lib/gcc/pic32mx/4.5.2/../../../../pic32mx/lib\libpic32.a(sbrk.o)
                0x9d04193c                sbrk
 .text          0x9d04198c        0x0 C:/Users/kmorimatsu/Documents/At Home/PIC/PIC32/chipkit/mpide-0150/hardware/pic32/compiler/pic32-tools/bin/../lib/gcc/pic32mx/4.5.2/../../../../pic32mx/lib\libpic32.a(default-bootstrap-exception-handler.o)
 .text._bootstrap_exception_handler
                0x9d04198c       0x38 C:/Users/kmorimatsu/Documents/At Home/PIC/PIC32/chipkit/mpide-0150/hardware/pic32/compiler/pic32-tools/bin/../lib/gcc/pic32mx/4.5.2/../../../../pic32mx/lib\libpic32.a(default-bootstrap-exception-handler.o)
                0x9d04198c                _bootstrap_exception_handler
 .text          0x9d0419c4        0x0 C:/Users/kmorimatsu/Documents/At Home/PIC/PIC32/chipkit/mpide-0150/hardware/pic32/compiler/pic32-tools/bin/../lib/gcc/pic32mx/4.5.2/../../../../pic32mx/lib\libpic32.a(default-on-reset.o)
 .text._on_reset
                0x9d0419c4        0x8 C:/Users/kmorimatsu/Documents/At Home/PIC/PIC32/chipkit/mpide-0150/hardware/pic32/compiler/pic32-tools/bin/../lib/gcc/pic32mx/4.5.2/../../../../pic32mx/lib\libpic32.a(default-on-reset.o)
                0x9d0419c4                _on_reset
 .text          0x9d0419cc        0x0 C:/Users/kmorimatsu/Documents/At Home/PIC/PIC32/chipkit/mpide-0150/hardware/pic32/compiler/pic32-tools/bin/../lib/gcc/pic32mx/4.5.2/../../../../pic32mx/lib\libpic32.a(default-on-bootstrap.o)
 .text._on_bootstrap
                0x9d0419cc        0x8 C:/Users/kmorimatsu/Documents/At Home/PIC/PIC32/chipkit/mpide-0150/hardware/pic32/compiler/pic32-tools/bin/../lib/gcc/pic32mx/4.5.2/../../../../pic32mx/lib\libpic32.a(default-on-bootstrap.o)
                0x9d0419cc                _on_bootstrap
 .text          0x9d0419d4       0x18 C:/Users/kmorimatsu/Documents/At Home/PIC/PIC32/chipkit/mpide-0150/hardware/pic32/compiler/pic32-tools/bin/../lib/gcc/pic32mx/4.5.2/../../../../pic32mx/lib\libpic32.a(default-nmi-handler.o)
                0x9d0419d4                _nmi_handler
 .text          0x9d0419ec       0x44 C:/Users/kmorimatsu/Documents/At Home/PIC/PIC32/chipkit/mpide-0150/hardware/pic32/compiler/pic32-tools/bin/../lib/gcc/pic32mx/4.5.2/../../../../pic32mx/lib\libpic32.a(pic32_software_reset.o)
                0x9d0419ec                __pic32_software_reset
 .text          0x9d041a30       0x7c C:/Users/kmorimatsu/Documents/At Home/PIC/PIC32/chipkit/mpide-0150/hardware/pic32/compiler/pic32-tools/bin/../lib/gcc/pic32mx/4.5.2\libgcc.a(_fixunsdfsi.o)
                0x9d041a30                __fixunsdfsi
 .text          0x9d041aac      0x42c C:/Users/kmorimatsu/Documents/At Home/PIC/PIC32/chipkit/mpide-0150/hardware/pic32/compiler/pic32-tools/bin/../lib/gcc/pic32mx/4.5.2\libgcc.a(_udivdi3.o)
                0x9d041aac                __udivdi3
 .text          0x9d041ed8      0x408 C:/Users/kmorimatsu/Documents/At Home/PIC/PIC32/chipkit/mpide-0150/hardware/pic32/compiler/pic32-tools/bin/../lib/gcc/pic32mx/4.5.2\libgcc.a(_umoddi3.o)
                0x9d041ed8                __umoddi3
 .text          0x9d0422e0      0x10c C:/Users/kmorimatsu/Documents/At Home/PIC/PIC32/chipkit/mpide-0150/hardware/pic32/compiler/pic32-tools/bin/../lib/gcc/pic32mx/4.5.2\libgcc.a(gedf2.o)
                0x9d0422e0                __gedf2
                0x9d0422e0                __gtdf2
 .text          0x9d0423ec      0x10c C:/Users/kmorimatsu/Documents/At Home/PIC/PIC32/chipkit/mpide-0150/hardware/pic32/compiler/pic32-tools/bin/../lib/gcc/pic32mx/4.5.2\libgcc.a(ledf2.o)
                0x9d0423ec                __ledf2
                0x9d0423ec                __ltdf2
 .text          0x9d0424f8      0x478 C:/Users/kmorimatsu/Documents/At Home/PIC/PIC32/chipkit/mpide-0150/hardware/pic32/compiler/pic32-tools/bin/../lib/gcc/pic32mx/4.5.2\libgcc.a(muldf3.o)
                0x9d0424f8                __muldf3
 .text          0x9d042970       0x78 C:/Users/kmorimatsu/Documents/At Home/PIC/PIC32/chipkit/mpide-0150/hardware/pic32/compiler/pic32-tools/bin/../lib/gcc/pic32mx/4.5.2\libgcc.a(fixdfsi.o)
                0x9d042970                __fixdfsi
 .text          0x9d0429e8       0x78 C:/Users/kmorimatsu/Documents/At Home/PIC/PIC32/chipkit/mpide-0150/hardware/pic32/compiler/pic32-tools/bin/../lib/gcc/pic32mx/4.5.2\libgcc.a(floatsidf.o)
                0x9d0429e8                __floatsidf
 .text          0x9d042a60       0x6c C:/Users/kmorimatsu/Documents/At Home/PIC/PIC32/chipkit/mpide-0150/hardware/pic32/compiler/pic32-tools/bin/../lib/gcc/pic32mx/4.5.2\libgcc.a(floatunsidf.o)
                0x9d042a60                __floatunsidf
 .text          0x9d042acc        0x0 C:/Users/kmorimatsu/Documents/At Home/PIC/PIC32/chipkit/mpide-0150/hardware/pic32/compiler/pic32-tools/bin/../lib/gcc/pic32mx/4.5.2/../../../../pic32mx/lib\debug-exception-return.o
 *(.gnu.warning)
 *(.glue_7t)
 *(.glue_7)
                0x9d042acc                __rodata_start = .
 *(.rodata .rodata.* .gnu.linkonce.r.* .rel.dyn)
 .rodata        0x9d042acc        0xc args.c.o
                0x9d042acc                g_initial_s5_stack
 .rodata        0x9d042ad8       0x20 class.c.o
 .rodata        0x9d042af8       0x18 cmpdata.c.o
 .rodata        0x9d042b10        0x8 compiler.c.o
 .rodata        0x9d042b18      0x530 editor.c.o
                0x9d043004                Message1
                0x9d043014                Message2
                0x9d043028                Message3
                0x9d043044                ROOTDIR
 .rodata        0x9d043048       0x34 envspecific.c.o
 .rodata        0x9d04307c      0x30c error.c.o
 .rodata        0x9d043388      0x1c4 exception.c.o
 .rodata        0x9d04354c       0x5c file.c.o
 .rodata        0x9d0435a8      0x484 function.c.o
 .rodata        0x9d043a2c       0x2c library.c.o
 .rodata        0x9d043a58      0x17c main.c.o
                0x9d043b8c                InitKeywords
 .rodata        0x9d043bd4      0x280 music.c.o
 .rodata        0x9d043e54       0x18 operator.c.o
                0x9d043e54                g_priority
 .rodata        0x9d043e6c       0x3c run.c.o
 .rodata        0x9d043ea8      0x67c statement.c.o
 .rodata        0x9d044524       0x6c timer.c.o
 .rodata        0x9d044590      0x1fc varname.c.o
 .rodata        0x9d04478c     0x1000 interface\text_graph_library.c.o
                0x9d04478c                FontData
                0x9d044f8c                FontData2
 .rodata.atanhi.atanhi
                0x9d04578c       0x10 C:\Users\kmorimatsu\Documents\At Home\PIC\PIC32\chipkit\mpide-0150\hardware\pic32\compiler\pic32-tools\pic32mx\lib\libm.a(lib_a-sf_atan.o)
 .rodata.atanlo.atanlo
                0x9d04579c       0x10 C:\Users\kmorimatsu\Documents\At Home\PIC\PIC32\chipkit\mpide-0150\hardware\pic32\compiler\pic32-tools\pic32mx\lib\libm.a(lib_a-sf_atan.o)
 .rodata        0x9d0457ac       0x48 C:\Users\kmorimatsu\Documents\At Home\PIC\PIC32\chipkit\mpide-0150\hardware\pic32\compiler\pic32-tools\pic32mx\lib\libm.a(lib_a-sf_atan.o)
 .rodata        0x9d0457f4        0x4 C:\Users\kmorimatsu\Documents\At Home\PIC\PIC32\chipkit\mpide-0150\hardware\pic32\compiler\pic32-tools\pic32mx\lib\libm.a(lib_a-sf_ceil.o)
 .rodata        0x9d0457f8        0x4 C:\Users\kmorimatsu\Documents\At Home\PIC\PIC32\chipkit\mpide-0150\hardware\pic32\compiler\pic32-tools\pic32mx\lib\libm.a(lib_a-sf_floor.o)
 .rodata        0x9d0457fc        0xc C:\Users\kmorimatsu\Documents\At Home\PIC\PIC32\chipkit\mpide-0150\hardware\pic32\compiler\pic32-tools\pic32mx\lib\libm.a(lib_a-sf_tanh.o)
 .rodata        0x9d045808       0x10 C:\Users\kmorimatsu\Documents\At Home\PIC\PIC32\chipkit\mpide-0150\hardware\pic32\compiler\pic32-tools\pic32mx\lib\libm.a(lib_a-wf_acos.o)
 .rodata        0x9d045818       0x10 C:\Users\kmorimatsu\Documents\At Home\PIC\PIC32\chipkit\mpide-0150\hardware\pic32\compiler\pic32-tools\pic32mx\lib\libm.a(lib_a-wf_asin.o)
 .rodata        0x9d045828       0x20 C:\Users\kmorimatsu\Documents\At Home\PIC\PIC32\chipkit\mpide-0150\hardware\pic32\compiler\pic32-tools\pic32mx\lib\libm.a(lib_a-wf_cosh.o)
 .rodata        0x9d045848       0x28 C:\Users\kmorimatsu\Documents\At Home\PIC\PIC32\chipkit\mpide-0150\hardware\pic32\compiler\pic32-tools\pic32mx\lib\libm.a(lib_a-wf_exp.o)
 .rodata        0x9d045870        0x8 C:\Users\kmorimatsu\Documents\At Home\PIC\PIC32\chipkit\mpide-0150\hardware\pic32\compiler\pic32-tools\pic32mx\lib\libm.a(lib_a-wf_fmod.o)
 .rodata        0x9d045878       0x20 C:\Users\kmorimatsu\Documents\At Home\PIC\PIC32\chipkit\mpide-0150\hardware\pic32\compiler\pic32-tools\pic32mx\lib\libm.a(lib_a-wf_log10.o)
 .rodata        0x9d045898       0x20 C:\Users\kmorimatsu\Documents\At Home\PIC\PIC32\chipkit\mpide-0150\hardware\pic32\compiler\pic32-tools\pic32mx\lib\libm.a(lib_a-wf_log.o)
 .rodata        0x9d0458b8       0x38 C:\Users\kmorimatsu\Documents\At Home\PIC\PIC32\chipkit\mpide-0150\hardware\pic32\compiler\pic32-tools\pic32mx\lib\libm.a(lib_a-wf_pow.o)
 .rodata        0x9d0458f0       0x28 C:\Users\kmorimatsu\Documents\At Home\PIC\PIC32\chipkit\mpide-0150\hardware\pic32\compiler\pic32-tools\pic32mx\lib\libm.a(lib_a-wf_sinh.o)
 .rodata        0x9d045918        0x8 C:\Users\kmorimatsu\Documents\At Home\PIC\PIC32\chipkit\mpide-0150\hardware\pic32\compiler\pic32-tools\pic32mx\lib\libm.a(lib_a-wf_sqrt.o)
 .rodata        0x9d045920       0x44 C:\Users\kmorimatsu\Documents\At Home\PIC\PIC32\chipkit\mpide-0150\hardware\pic32\compiler\pic32-tools\pic32mx\lib\libm.a(lib_a-ef_acos.o)
 .rodata        0x9d045964       0x44 C:\Users\kmorimatsu\Documents\At Home\PIC\PIC32\chipkit\mpide-0150\hardware\pic32\compiler\pic32-tools\pic32mx\lib\libm.a(lib_a-ef_asin.o)
 .rodata        0x9d0459a8       0x28 C:\Users\kmorimatsu\Documents\At Home\PIC\PIC32\chipkit\mpide-0150\hardware\pic32\compiler\pic32-tools\pic32mx\lib\libm.a(lib_a-ef_atan2.o)
 .rodata        0x9d0459d0        0xc C:\Users\kmorimatsu\Documents\At Home\PIC\PIC32\chipkit\mpide-0150\hardware\pic32\compiler\pic32-tools\pic32mx\lib\libm.a(lib_a-ef_cosh.o)
 .rodata.ln2HI.ln2HI
                0x9d0459dc        0x8 C:\Users\kmorimatsu\Documents\At Home\PIC\PIC32\chipkit\mpide-0150\hardware\pic32\compiler\pic32-tools\pic32mx\lib\libm.a(lib_a-ef_exp.o)
 .rodata.ln2LO.ln2LO
                0x9d0459e4        0x8 C:\Users\kmorimatsu\Documents\At Home\PIC\PIC32\chipkit\mpide-0150\hardware\pic32\compiler\pic32-tools\pic32mx\lib\libm.a(lib_a-ef_exp.o)
 .rodata.halF.halF
                0x9d0459ec        0x8 C:\Users\kmorimatsu\Documents\At Home\PIC\PIC32\chipkit\mpide-0150\hardware\pic32\compiler\pic32-tools\pic32mx\lib\libm.a(lib_a-ef_exp.o)
 .rodata        0x9d0459f4       0x30 C:\Users\kmorimatsu\Documents\At Home\PIC\PIC32\chipkit\mpide-0150\hardware\pic32\compiler\pic32-tools\pic32mx\lib\libm.a(lib_a-ef_exp.o)
 .rodata.Zero.Zero
                0x9d045a24        0x8 C:\Users\kmorimatsu\Documents\At Home\PIC\PIC32\chipkit\mpide-0150\hardware\pic32\compiler\pic32-tools\pic32mx\lib\libm.a(lib_a-ef_fmod.o)